Component: ARM Compiler 5.06 update 6 (build 750) Tool: armlink [4d35ed]

==============================================================================

Section Cross References

    button_lib.o(i.Button_Get_ModeFlag) refers to button_lib.o(.data) for button_mode_flag
    button_lib.o(i.Button_Invert_ModeFlag) refers to button_lib.o(.data) for button_mode_flag
    button_lib.o(i.Button_ReadAll) refers to stm32f10x_gpio.o(i.GPIO_ReadInputDataBit) for GPIO_ReadInputDataBit
    button_lib.o(i.Button_ReadAll) refers to button_lib.o(i.Button_Read) for Button_Read
    button_lib.o(i.Button_ReadAll) refers to button_lib.o(i.Button_Invert_ModeFlag) for Button_Invert_ModeFlag
    button_lib.o(i.Button_ReadAll) refers to hx711_lib.o(i.HX711_Calibration) for HX711_Calibration
    button_lib.o(i.Button_ReadAll) refers to button_lib.o(.data) for CALIB_BT
    button_lib.o(i.Button_Set_HoldMode) refers to button_lib.o(.data) for button_mode_flag
    button_lib.o(i.Button_Set_UnholdMode) refers to button_lib.o(.data) for button_mode_flag
    gpio_lib.o(i.Gpio_Init) refers to stm32f10x_rcc.o(i.RCC_APB2PeriphClockCmd) for RCC_APB2PeriphClockCmd
    gpio_lib.o(i.Gpio_Init) refers to stm32f10x_gpio.o(i.GPIO_Init) for GPIO_Init
    gpio_lib.o(i.Gpio_Init) refers to stm32f10x_gpio.o(i.GPIO_ResetBits) for GPIO_ResetBits
    i2c_lib.o(i.I2c_Init) refers to stm32f10x_rcc.o(i.RCC_APB1PeriphClockCmd) for RCC_APB1PeriphClockCmd
    i2c_lib.o(i.I2c_Init) refers to stm32f10x_i2c.o(i.I2C_Init) for I2C_Init
    i2c_lib.o(i.I2c_Init) refers to stm32f10x_i2c.o(i.I2C_Cmd) for I2C_Cmd
    timer_lib.o(i.TIM4_IRQHandler) refers to stm32f10x_tim.o(i.TIM_GetITStatus) for TIM_GetITStatus
    timer_lib.o(i.TIM4_IRQHandler) refers to button_lib.o(i.Button_ReadAll) for Button_ReadAll
    timer_lib.o(i.TIM4_IRQHandler) refers to stm32f10x_tim.o(i.TIM_ClearITPendingBit) for TIM_ClearITPendingBit
    timer_lib.o(i.TIM4_IRQHandler) refers to timer_lib.o(.data) for timer4_ticks
    timer_lib.o(i.Timer4_Base_Init) refers to stm32f10x_rcc.o(i.RCC_APB1PeriphClockCmd) for RCC_APB1PeriphClockCmd
    timer_lib.o(i.Timer4_Base_Init) refers to stm32f10x_tim.o(i.TIM_TimeBaseInit) for TIM_TimeBaseInit
    timer_lib.o(i.Timer4_Base_Init) refers to stm32f10x_tim.o(i.TIM_Cmd) for TIM_Cmd
    timer_lib.o(i.Timer4_Base_Init) refers to stm32f10x_tim.o(i.TIM_ITConfig) for TIM_ITConfig
    timer_lib.o(i.Timer4_Base_Init) refers to stm32f10x_tim.o(i.TIM_ClearFlag) for TIM_ClearFlag
    timer_lib.o(i.Timer4_Base_Init) refers to misc.o(i.NVIC_PriorityGroupConfig) for NVIC_PriorityGroupConfig
    timer_lib.o(i.Timer4_Base_Init) refers to misc.o(i.NVIC_Init) for NVIC_Init
    timer_lib.o(i.Timer4_Delay_Ms) refers to timer_lib.o(.data) for timer4_ticks
    timer_lib.o(i.Timer4_Millis) refers to timer_lib.o(.data) for timer4_ticks
    uart_lib.o(i.Convert_Number_To_String) refers to uart_lib.o(.bss) for str
    uart_lib.o(i.Recev_Str_Arr) refers to uart_lib.o(.bss) for recev_str_arr
    uart_lib.o(i.USART1_Check_Flag) refers to uart_lib.o(.data) for usart1_rrx_it_flag
    uart_lib.o(i.USART1_IRQHandler) refers to stm32f10x_usart.o(i.USART_GetITStatus) for USART_GetITStatus
    uart_lib.o(i.USART1_IRQHandler) refers to stm32f10x_usart.o(i.USART_ReceiveData) for USART_ReceiveData
    uart_lib.o(i.USART1_IRQHandler) refers to fsm_array_receive.o(i.Fsm_Test_Array_Receive) for Fsm_Test_Array_Receive
    uart_lib.o(i.USART1_IRQHandler) refers to uart_lib.o(.data) for recev_char
    uart_lib.o(i.USART1_IRQHandler) refers to uart_lib.o(.bss) for recev_str_arr
    uart_lib.o(i.USART1_IRQHandler) refers to fsm_array_receive.o(.bss) for fsm_arr_out
    uart_lib.o(i.USART1_Init) refers to stm32f10x_rcc.o(i.RCC_APB2PeriphClockCmd) for RCC_APB2PeriphClockCmd
    uart_lib.o(i.USART1_Init) refers to stm32f10x_usart.o(i.USART_Init) for USART_Init
    uart_lib.o(i.USART1_Init) refers to stm32f10x_usart.o(i.USART_Cmd) for USART_Cmd
    uart_lib.o(i.USART1_Init) refers to stm32f10x_usart.o(i.USART_ITConfig) for USART_ITConfig
    uart_lib.o(i.USART1_Reset_Flag) refers to uart_lib.o(.data) for usart1_rrx_it_flag
    uart_lib.o(i.USART1_Send_Char) refers to stm32f10x_usart.o(i.USART_SendData) for USART_SendData
    uart_lib.o(i.USART1_Send_Char) refers to stm32f10x_usart.o(i.USART_GetFlagStatus) for USART_GetFlagStatus
    uart_lib.o(i.USART1_Send_Number) refers to uart_lib.o(i.Convert_Number_To_String) for Convert_Number_To_String
    uart_lib.o(i.USART1_Send_Number) refers to uart_lib.o(i.USART1_Send_String) for USART1_Send_String
    uart_lib.o(i.USART1_Send_Received_String) refers to uart_lib.o(i.USART1_Send_String) for USART1_Send_String
    uart_lib.o(i.USART1_Send_Received_String) refers to uart_lib.o(.bss) for recev_str_arr
    uart_lib.o(i.USART1_Send_Series) refers to stm32f10x_usart.o(i.USART_SendData) for USART_SendData
    uart_lib.o(i.USART1_Send_Series) refers to stm32f10x_usart.o(i.USART_GetFlagStatus) for USART_GetFlagStatus
[...]
    !!handler_zi                             0x08000144   Section       28  __scatter_zi.o(!!handler_zi)
    .ARM.Collect$$_printf_percent$$00000000  0x08000160   Section        0  _printf_percent.o(.ARM.Collect$$_printf_percent$$00000000)
    .ARM.Collect$$_printf_percent$$00000003  0x08000160   Section        6  _printf_f.o(.ARM.Collect$$_printf_percent$$00000003)
    .ARM.Collect$$_printf_percent$$00000017  0x08000166   Section        4  _printf_percent_end.o(.ARM.Collect$$_printf_percent$$00000017)
    .ARM.Collect$$libinit$$00000000          0x0800016a   Section        2  libinit.o(.ARM.Collect$$libinit$$00000000)
    .ARM.Collect$$libinit$$00000002          0x0800016c   Section        0  libinit2.o(.ARM.Collect$$libinit$$00000002)
    .ARM.Collect$$libinit$$00000004          0x0800016c   Section        0  libinit2.o(.ARM.Collect$$libinit$$00000004)
    .ARM.Collect$$libinit$$0000000A          0x0800016c   Section        0  libinit2.o(.ARM.Collect$$libinit$$0000000A)
    .ARM.Collect$$libinit$$0000000C          0x0800016c   Section        0  libinit2.o(.ARM.Collect$$libinit$$0000000C)
    .ARM.Collect$$libinit$$0000000E          0x0800016c   Section        0  libinit2.o(.ARM.Collect$$libinit$$0000000E)
    .ARM.Collect$$libinit$$0000000F          0x0800016c   Section        6  libinit2.o(.ARM.Collect$$libinit$$0000000F)
    .ARM.Collect$$libinit$$00000011          0x08000172   Section        0  libinit2.o(.ARM.Collect$$libinit$$00000011)
    .ARM.Collect$$libinit$$00000013          0x08000172   Section        0  libinit2.o(.ARM.Collect$$libinit$$00000013)
    .ARM.Collect$$libinit$$00000015          0x08000172   Section        0  libinit2.o(.ARM.Collect$$libinit$$00000015)
    .ARM.Collect$$libinit$$00000016          0x08000172   Section       10  libinit2.o(.ARM.Collect$$libinit$$00000016)
    .ARM.Collect$$libinit$$00000017          0x0800017c   Section        0  libinit2.o(.ARM.Collect$$libinit$$00000017)
    .ARM.Collect$$libinit$$00000019          0x0800017c   Section        0  libinit2.o(.ARM.Collect$$libinit$$00000019)
    .ARM.Collect$$libinit$$0000001B          0x0800017c   Section        0  libinit2.o(.ARM.Collect$$libinit$$0000001B)
    .ARM.Collect$$libinit$$0000001D          0x0800017c   Section        0  libinit2.o(.ARM.Collect$$libinit$$0000001D)
    .ARM.Collect$$libinit$$0000001F          0x0800017c   Section        0  libinit2.o(.ARM.Collect$$libinit$$0000001F)
    .ARM.Collect$$libinit$$00000021          0x0800017c   Section        0  libinit2.o(.ARM.Collect$$libinit$$00000021)
    .ARM.Collect$$libinit$$00000023          0x0800017c   Section        0  libinit2.o(.ARM.Collect$$libinit$$00000023)
    .ARM.Collect$$libinit$$00000025          0x0800017c   Section        0  libinit2.o(.ARM.Collect$$libinit$$00000025)
    .ARM.Collect$$libinit$$0000002C          0x0800017c   Section        0  libinit2.o(.ARM.Collect$$libinit$$0000002C)
    .ARM.Collect$$libinit$$0000002E          0x0800017c   Section        0  libinit2.o(.ARM.Collect$$libinit$$0000002E)
    .ARM.Collect$$libinit$$00000030          0x0800017c   Section        0  libinit2.o(.ARM.Collect$$libinit$$00000030)
    .ARM.Collect$$libinit$$00000032          0x0800017c   Section        0  libinit2.o(.ARM.Collect$$libinit$$00000032)
    .ARM.Collect$$libinit$$00000033          0x0800017c   Section        2  libinit2.o(.ARM.Collect$$libinit$$00000033)
    .ARM.Collect$$libshutdown$$00000000      0x0800017e   Section        2  libshutdown.o(.ARM.Collect$$libshutdown$$00000000)
    .ARM.Collect$$libshutdown$$00000002      0x08000180   Section        0  libshutdown2.o(.ARM.Collect$$libshutdown$$00000002)
    .ARM.Collect$$libshutdown$$00000004      0x08000180   Section        0  libshutdown2.o(.ARM.Collect$$libshutdown$$00000004)
    .ARM.Collect$$libshutdown$$00000007      0x08000180   Section        0  libshutdown2.o(.ARM.Collect$$libshutdown$$00000007)
    .ARM.Collect$$libshutdown$$0000000A      0x08000180   Section        0  libshutdown2.o(.ARM.Collect$$libshutdown$$0000000A)
    .ARM.Collect$$libshutdown$$0000000C      0x08000180   Section        0  libshutdown2.o(.ARM.Collect$$libshutdown$$0000000C)
    .ARM.Collect$$libshutdown$$0000000F      0x08000180   Section        0  libshutdown2.o(.ARM.Collect$$libshutdown$$0000000F)
    .ARM.Collect$$libshutdown$$00000010      0x08000180   Section        2  libshutdown2.o(.ARM.Collect$$libshutdown$$00000010)
    .ARM.Collect$$rtentry$$00000000          0x08000182   Section        0  __rtentry.o(.ARM.Collect$$rtentry$$00000000)
    .ARM.Collect$$rtentry$$00000002          0x08000182   Section        0  __rtentry2.o(.ARM.Collect$$rtentry$$00000002)
    .ARM.Collect$$rtentry$$00000004          0x08000182   Section        6  __rtentry4.o(.ARM.Collect$$rtentry$$00000004)
    .ARM.Collect$$rtentry$$00000009          0x08000188   Section        0  __rtentry2.o(.ARM.Collect$$rtentry$$00000009)
    .ARM.Collect$$rtentry$$0000000A          0x08000188   Section        4  __rtentry2.o(.ARM.Collect$$rtentry$$0000000A)
    .ARM.Collect$$rtentry$$0000000C          0x0800018c   Section        0  __rtentry2.o(.ARM.Collect$$rtentry$$0000000C)
    .ARM.Collect$$rtentry$$0000000D          0x0800018c   Section        8  __rtentry2.o(.ARM.Collect$$rtentry$$0000000D)
    .ARM.Collect$$rtexit$$00000000           0x08000194   Section        2  rtexit.o(.ARM.Collect$$rtexit$$00000000)
    .ARM.Collect$$rtexit$$00000002           0x08000196   Section        0  rtexit2.o(.ARM.Collect$$rtexit$$00000002)
    .ARM.Collect$$rtexit$$00000003           0x08000196   Section        4  rtexit2.o(.ARM.Collect$$rtexit$$00000003)
    .ARM.Collect$$rtexit$$00000004           0x0800019a   Section        6  rtexit2.o(.ARM.Collect$$rtexit$$00000004)
    .text                                    0x080001a0   Section       64  startup_stm32f10x_md.o(.text)
    .text                                    0x080001e0   Section        0  noretval__2printf.o(.text)
    .text                                    0x080001f8   Section        0  __printf_wp.o(.text)
    .text                                    0x08000306   Section        0  heapauxi.o(.text)
    .text                                    0x0800030c   Section        0  _printf_fp_dec.o(.text)
    _fp_digits                               0x0800030f   Thumb Code   432  _printf_fp_dec.o(.text)
    .text                                    0x0800072c   Section        0  _printf_char_file.o(.text)
    .text                                    0x08000750   Section        8  rt_locale_intlibspace.o(.text)
    .text                                    0x08000758   Section      138  lludiv10.o(.text)
    .text                                    0x080007e4   Section        0  _printf_char_common.o(.text)
    _printf_input_char                       0x080007e5   Thumb Code    10  _printf_char_common.o(.text)
    .text                                    0x08000814   Section        0  _printf_fp_infnan.o(.text)
    .text                                    0x08000894   Section        0  bigflt0.o(.text)
    .text                                    0x08000978   Section        0  ferror.o(.text)
    .text                                    0x08000980   Section        8  libspace.o(.text)
    .text                                    0x08000988   Section       74  sys_stackheap_outer.o(.text)
    .text                                    0x080009d2   Section        0  exit.o(.text)
    .text                                    0x080009e4   Section      128  strcmpv7m.o(.text)
    .text                                    0x08000a64   Section        0  sys_exit.o(.text)
    .text                                    0x08000a70   Section        2  use_no_semi.o(.text)
    .text                                    0x08000a72   Section        0  indicate_semi.o(.text)
    CL$$btod_d2e                             0x08000a72   Section       62  btod.o(CL$$btod_d2e)
    CL$$btod_d2e_denorm_low                  0x08000ab0   Section       70  btod.o(CL$$btod_d2e_denorm_low)
    CL$$btod_d2e_norm_op1                    0x08000af6   Section       96  btod.o(CL$$btod_d2e_norm_op1)
    CL$$btod_div_common                      0x08000b56   Section      824  btod.o(CL$$btod_div_common)
    CL$$btod_e2e                             0x08000e8e   Section      220  btod.o(CL$$btod_e2e)
    CL$$btod_ediv                            0x08000f6a   Section       42  btod.o(CL$$btod_ediv)
    CL$$btod_emul                            0x08000f94   Section       42  btod.o(CL$$btod_emul)
    CL$$btod_mult_common                     0x08000fbe   Section      580  btod.o(CL$$btod_mult_common)
    i.Button_Invert_ModeFlag                 0x08001204   Section        0  button_lib.o(i.Button_Invert_ModeFlag)
    i.Button_Read                            0x0800121c   Section        0  button_lib.o(i.Button_Read)
    Button_Read                              0x0800121d   Thumb Code    34  button_lib.o(i.Button_Read)
    i.Button_ReadAll                         0x08001240   Section        0  button_lib.o(i.Button_ReadAll)
    i.Button_Set_HoldMode                    0x08001294   Section        0  button_lib.o(i.Button_Set_HoldMode)
    i.Button_Set_UnholdMode                  0x080012a0   Section        0  button_lib.o(i.Button_Set_UnholdMode)
    i.CheckSum                               0x080012ac   Section        0  message.o(i.CheckSum)
    i.Convert_From_Bytes_To_Uint16           0x080012ea   Section        0  convert.o(i.Convert_From_Bytes_To_Uint16)
    i.Convert_From_Float_To_Bytes            0x080012fc   Section        0  convert.o(i.Convert_From_Float_To_Bytes)
    i.Copy_Data_From_Arr_To_Struct           0x08001308   Section        0  message.o(i.Copy_Data_From_Arr_To_Struct)
    i.Fsm_Clear_DataReady_Flag               0x08001338   Section        0  fsm_array_receive.o(i.Fsm_Clear_DataReady_Flag)
    i.Fsm_Get_DataReady_Flag                 0x08001344   Section        0  fsm_array_receive.o(i.Fsm_Get_DataReady_Flag)
    i.Fsm_Test_Array_Receive                 0x08001350   Section        0  fsm_array_receive.o(i.Fsm_Test_Array_Receive)
    i.GPIO_Init                              0x0800149c   Section        0  stm32f10x_gpio.o(i.GPIO_Init)
    i.GPIO_ReadInputDataBit                  0x080015b2   Section        0  stm32f10x_gpio.o(i.GPIO_ReadInputDataBit)
    i.GPIO_ResetBits                         0x080015c4   Section        0  stm32f10x_gpio.o(i.GPIO_ResetBits)
    i.GPIO_SetBits                           0x080015c8   Section        0  stm32f10x_gpio.o(i.GPIO_SetBits)
    i.Gpio_Init                              0x080015cc   Section        0  gpio_lib.o(i.Gpio_Init)
    i.HX711_Calibration                      0x080016c8   Section        0  hx711_lib.o(i.HX711_Calibration)
    i.HX711_Get_LoadValue                    0x080016dc   Section        0  hx711_lib.o(i.HX711_Get_LoadValue)
    i.HX711_Init                             0x08001720   Section        0  hx711_lib.o(i.HX711_Init)
    i.HX711_Make_Sample_Data                 0x0800173c   Section        0  hx711_lib.o(i.HX711_Make_Sample_Data)
    i.HX711_RangeConvert                     0x08001774   Section        0  hx711_lib.o(i.HX711_RangeConvert)
    i.HX711_Read                             0x080017dc   Section        0  hx711_lib.o(i.HX711_Read)
    i.I2C_CheckEvent                         0x08001864   Section        0  stm32f10x_i2c.o(i.I2C_CheckEvent)
    i.I2C_Cmd                                0x0800188e   Section        0  stm32f10x_i2c.o(i.I2C_Cmd)
    i.I2C_GenerateSTART                      0x080018a6   Section        0  stm32f10x_i2c.o(i.I2C_GenerateSTART)
    i.I2C_GenerateSTOP                       0x080018be   Section        0  stm32f10x_i2c.o(i.I2C_GenerateSTOP)
    i.I2C_Init                               0x080018d8   Section        0  stm32f10x_i2c.o(i.I2C_Init)
    i.I2C_Send7bitAddress                    0x080019c4   Section        0  stm32f10x_i2c.o(i.I2C_Send7bitAddress)
    i.I2C_SendData                           0x080019d6   Section        0  stm32f10x_i2c.o(i.I2C_SendData)
    i.I2c_Init                               0x080019dc   Section        0  i2c_lib.o(i.I2c_Init)
    i.LCD_Clear                              0x08001a24   Section        0  lcd_lib.o(i.LCD_Clear)
    i.LCD_Clear_Row                          0x08001a34   Section        0  lcd_lib.o(i.LCD_Clear_Row)
    i.LCD_Float_Number                       0x08001a74   Section        0  lcd_lib.o(i.LCD_Float_Number)
    i.LCD_Goto_XY                            0x08001b2c   Section        0  lcd_lib.o(i.LCD_Goto_XY)
    i.LCD_Interger_Number                    0x08001b52   Section        0  lcd_lib.o(i.LCD_Interger_Number)
    i.LCD_Print_On                           0x08001bac   Section        0  lcd_lib.o(i.LCD_Print_On)
    i.LCD_Weight_Print                       0x08001c04   Section        0  lcd_lib.o(i.LCD_Weight_Print)
    i.LCD_Write_Byte                         0x08001d3c   Section        0  lcd_lib.o(i.LCD_Write_Byte)
    i.LCD_Write_Control                      0x08001d9c   Section        0  lcd_lib.o(i.LCD_Write_Control)
    i.LCD_Write_Data                         0x08001de6   Section        0  lcd_lib.o(i.LCD_Write_Data)
    i.LCD_Write_String                       0x08001e30   Section        0  lcd_lib.o(i.LCD_Write_String)
    i.Main_System_Init                       0x08001e48   Section        0  main.o(i.Main_System_Init)
    i.Mes_Convert_AskToAnwser_FrameStruct    0x08001ecc   Section        0  message.o(i.Mes_Convert_AskToAnwser_FrameStruct)
    i.Mes_Create_FrameArray                  0x08001f4c   Section        0  message.o(i.Mes_Create_FrameArray)
    i.Mes_Create_FrameStruct                 0x08001fb8   Section        0  message.o(i.Mes_Create_FrameStruct)
    i.Mes_Detect_FrameStruct                 0x0800203a   Section        0  message.o(i.Mes_Detect_FrameStruct)
    i.Mes_Process_ReceivedMessage            0x080020c8   Section        0  message.o(i.Mes_Process_ReceivedMessage)
    i.Mes_SendUsart_Message                  0x080020f8   Section        0  message.o(i.Mes_SendUsart_Message)
    i.NVIC_Init                              0x08002124   Section        0  misc.o(i.NVIC_Init)
    i.NVIC_PriorityGroupConfig               0x08002194   Section        0  misc.o(i.NVIC_PriorityGroupConfig)
    i.RCC_APB1PeriphClockCmd                 0x080021a8   Section        0  stm32f10x_rcc.o(i.RCC_APB1PeriphClockCmd)
    i.RCC_APB2PeriphClockCmd                 0x080021c8   Section        0  stm32f10x_rcc.o(i.RCC_APB2PeriphClockCmd)
    i.RCC_GetClocksFreq                      0x080021e8   Section        0  stm32f10x_rcc.o(i.RCC_GetClocksFreq)
    i.SetSysClock                            0x080022bc   Section        0  system_stm32f10x.o(i.SetSysClock)
    SetSysClock                              0x080022bd   Thumb Code     8  system_stm32f10x.o(i.SetSysClock)
    i.SetSysClockTo72                        0x080022c4   Section        0  system_stm32f10x.o(i.SetSysClockTo72)
    SetSysClockTo72                          0x080022c5   Thumb Code   214  system_stm32f10x.o(i.SetSysClockTo72)
    i.SimpleKalmanFilter                     0x080023a4   Section        0  kalman_filter_lib.o(i.SimpleKalmanFilter)
    i.SystemInit                             0x080023c0   Section        0  system_stm32f10x.o(i.SystemInit)
    i.TIM4_IRQHandler                        0x08002420   Section        0  timer_lib.o(i.TIM4_IRQHandler)
    i.TIM_ClearFlag                          0x08002468   Section        0  stm32f10x_tim.o(i.TIM_ClearFlag)
    i.TIM_ClearITPendingBit                  0x0800246e   Section        0  stm32f10x_tim.o(i.TIM_ClearITPendingBit)
    i.TIM_Cmd                                0x08002474   Section        0  stm32f10x_tim.o(i.TIM_Cmd)
    i.TIM_GetITStatus                        0x0800248c   Section        0  stm32f10x_tim.o(i.TIM_GetITStatus)
    i.TIM_ITConfig                           0x080024ae   Section        0  stm32f10x_tim.o(i.TIM_ITConfig)
    i.TIM_TimeBaseInit                       0x080024c0   Section        0  stm32f10x_tim.o(i.TIM_TimeBaseInit)
    i.Timer4_Base_Init                       0x08002564   Section        0  timer_lib.o(i.Timer4_Base_Init)
    i.Timer4_Delay_Ms                        0x080025e0   Section        0  timer_lib.o(i.Timer4_Delay_Ms)
    i.USART1_IRQHandler                      0x08002618   Section        0  uart_lib.o(i.USART1_IRQHandler)
    i.USART1_Init                            0x0800268c   Section        0  uart_lib.o(i.USART1_Init)
    i.USART1_Send_Char                       0x080026f8   Section        0  uart_lib.o(i.USART1_Send_Char)
    i.USART1_Send_Series                     0x08002718   Section        0  uart_lib.o(i.USART1_Send_Series)
    i.USART_Cmd                              0x08002748   Section        0  stm32f10x_usart.o(i.USART_Cmd)
    i.USART_GetFlagStatus                    0x08002760   Section        0  stm32f10x_usart.o(i.USART_GetFlagStatus)
    i.USART_GetITStatus                      0x0800277a   Section        0  stm32f10x_usart.o(i.USART_GetITStatus)
    i.USART_ITConfig                         0x080027ce   Section        0  stm32f10x_usart.o(i.USART_ITConfig)
    i.USART_Init                             0x08002818   Section        0  stm32f10x_usart.o(i.USART_Init)
    i.USART_ReceiveData                      0x080028f0   Section        0  stm32f10x_usart.o(i.USART_ReceiveData)
    i.USART_SendData                         0x080028fa   Section        0  stm32f10x_usart.o(i.USART_SendData)
    i.__ARM_fpclassify                       0x08002902   Section        0  fpclassify.o(i.__ARM_fpclassify)
    i._is_digit                              0x0800292a   Section        0  __printf_wp.o(i._is_digit)
    i.fputc                                  0x08002938   Section        0  uart_lib.o(i.fputc)
    i.main                                   0x08002948   Section        0  main.o(i.main)
    i.updateEstimate                         0x080029ec   Section        0  kalman_filter_lib.o(i.updateEstimate)
    locale$$code                             0x08002ad0   Section       44  lc_numeric_c.o(locale$$code)
    x$fpl$d2f                                0x08002afc   Section       98  d2f.o(x$fpl$d2f)
    x$fpl$dadd                               0x08002b60   Section      336  daddsub_clz.o(x$fpl$dadd)
    _dadd1                                   0x08002b71   Thumb Code     0  daddsub_clz.o(x$fpl$dadd)
    x$fpl$dcmpinf                            0x08002cb0   Section       24  dcmpi.o(x$fpl$dcmpinf)
    x$fpl$ddiv                               0x08002cc8   Section      688  ddiv.o(x$fpl$ddiv)
    ddiv_entry                               0x08002ccf   Thumb Code     0  ddiv.o(x$fpl$ddiv)
    x$fpl$dfix                               0x08002f78   Section       94  dfix.o(x$fpl$dfix)
    x$fpl$dleqf                              0x08002fd8   Section      120  dleqf.o(x$fpl$dleqf)
    x$fpl$dmul                               0x08003050   Section      340  dmul.o(x$fpl$dmul)
    x$fpl$dnaninf                            0x080031a4   Section      156  dnaninf.o(x$fpl$dnaninf)
    x$fpl$dretinf                            0x08003240   Section       12  dretinf.o(x$fpl$dretinf)
    x$fpl$drleqf                             0x0800324c   Section      108  drleqf.o(x$fpl$drleqf)
    x$fpl$drsb                               0x080032b8   Section       22  daddsub_clz.o(x$fpl$drsb)
    x$fpl$dsub                               0x080032d0   Section      468  daddsub_clz.o(x$fpl$dsub)
    _dsub1                                   0x080032e1   Thumb Code     0  daddsub_clz.o(x$fpl$dsub)
    x$fpl$f2d                                0x080034a4   Section       86  f2d.o(x$fpl$f2d)
    x$fpl$fadd                               0x080034fc   Section      196  faddsub_clz.o(x$fpl$fadd)
    _fadd1                                   0x0800350b   Thumb Code     0  faddsub_clz.o(x$fpl$fadd)
    x$fpl$fcmpinf                            0x080035c0   Section       24  fcmpi.o(x$fpl$fcmpinf)
    x$fpl$fdiv                               0x080035d8   Section      388  fdiv.o(x$fpl$fdiv)
    _fdiv1                                   0x080035d9   Thumb Code     0  fdiv.o(x$fpl$fdiv)
    x$fpl$feqf                               0x0800375c   Section      104  feqf.o(x$fpl$feqf)
    x$fpl$ffix                               0x080037c4   Section       54  ffix.o(x$fpl$ffix)
    x$fpl$ffixu                              0x080037fc   Section       62  ffixu.o(x$fpl$ffixu)
    x$fpl$ffltu                              0x0800383c   Section       38  fflt_clz.o(x$fpl$ffltu)
    x$fpl$fleqf                              0x08003864   Section      104  fleqf.o(x$fpl$fleqf)
    x$fpl$fmul                               0x080038cc   Section      258  fmul.o(x$fpl$fmul)
    x$fpl$fnaninf                            0x080039ce   Section      140  fnaninf.o(x$fpl$fnaninf)
    x$fpl$fretinf                            0x08003a5a   Section       10  fretinf.o(x$fpl$fretinf)
    x$fpl$frleqf                             0x08003a64   Section       98  frleqf.o(x$fpl$frleqf)
    x$fpl$fsub                               0x08003ac8   Section      234  faddsub_clz.o(x$fpl$fsub)
    _fsub1                                   0x08003ad7   Thumb Code     0  faddsub_clz.o(x$fpl$fsub)
    x$fpl$printf1                            0x08003bb2   Section        4  printf1.o(x$fpl$printf1)
    x$fpl$usenofp                            0x08003bb6   Section        0  usenofp.o(x$fpl$usenofp)
    .constdata                               0x08003bb8   Section      148  bigflt0.o(.constdata)
    tenpwrs_x                                0x08003bb8   Data          60  bigflt0.o(.constdata)
    tenpwrs_i                                0x08003bf4   Data          64  bigflt0.o(.constdata)
    locale$$data                             0x08003c6c   Section       28  lc_numeric_c.o(locale$$data)
    __lcnum_c_name                           0x08003c70   Data           2  lc_numeric_c.o(locale$$data)
    __lcnum_c_start                          0x08003c78   Data           0  lc_numeric_c.o(locale$$data)
    __lcnum_c_point                          0x08003c84   Data           0  lc_numeric_c.o(locale$$data)
    __lcnum_c_thousands                      0x08003c86   Data           0  lc_numeric_c.o(locale$$data)
    __lcnum_c_grouping                       0x08003c87   Data           0  lc_numeric_c.o(locale$$data)
    __lcnum_c_end                            0x08003c88   Data           0  lc_numeric_c.o(locale$$data)
    .data                                    0x20000000   Section        9  button_lib.o(.data)
    .data                                    0x2000000c   Section       12  timer_lib.o(.data)
    .data                                    0x20000018   Section       20  uart_lib.o(.data)
    recev_char                               0x20000025   Data           1  uart_lib.o(.data)
    usart1_rrx_it_flag                       0x20000026   Data           1  uart_lib.o(.data)
    recev_str_len                            0x20000027   Data           1  uart_lib.o(.data)
    .data                                    0x2000002c   Section       24  kalman_filter_lib.o(.data)
    _err_measure                             0x2000002c   Data           4  kalman_filter_lib.o(.data)
    _err_estimate                            0x20000030   Data           4  kalman_filter_lib.o(.data)
    _q                                       0x20000034   Data           4  kalman_filter_lib.o(.data)
    _current_estimate                        0x20000038   Data           4  kalman_filter_lib.o(.data)
    _last_estimate                           0x2000003c   Data           4  kalman_filter_lib.o(.data)
    _kalman_gain                             0x20000040   Data           4  kalman_filter_lib.o(.data)
    .data                                    0x20000044   Section       28  hx711_lib.o(.data)
    hx711_read                               0x20000044   Data           4  hx711_lib.o(.data)
    hx711_calibration                        0x20000058   Data           4  hx711_lib.o(.data)
    hx711_get_load_value                     0x2000005c   Data           4  hx711_lib.o(.data)
    .data                                    0x20000060   Section        4  lcd_lib.o(.data)
    old_weight_value                         0x20000060   Data           4  lcd_lib.o(.data)
    .data                                    0x20000064   Section        4  main.o(.data)
    .data                                    0x20000068   Section        8  convert.o(.data)
    input_convert                            0x20000068   Data           4  convert.o(.data)
    input_convert                            0x2000006c   Data           4  convert.o(.data)
    .data                                    0x20000070   Section       10  fsm_array_receive.o(.data)
    fsm_state                                0x20000070   Data           1  fsm_array_receive.o(.data)
    fsm_arrayout_index                       0x20000071   Data           1  fsm_array_receive.o(.data)
    fsm_array_full_length                    0x20000072   Data           2  fsm_array_receive.o(.data)
    fsm_data_ready_flag                      0x20000074   Data           1  fsm_array_receive.o(.data)
    fsm_receive_checksum                     0x20000076   Data           2  fsm_array_receive.o(.data)
    fsm_arrayin_checksum                     0x20000078   Data           2  fsm_array_receive.o(.data)
    .data                                    0x2000007a   Section       20  stm32f10x_rcc.o(.data)
    APBAHBPrescTable                         0x2000007a   Data          16  stm32f10x_rcc.o(.data)
    ADCPrescTable                            0x2000008a   Data           4  stm32f10x_rcc.o(.data)
    .bss                                     0x20000090   Section      112  uart_lib.o(.bss)
    recev_str_arr                            0x20000090   Data         100  uart_lib.o(.bss)
    str                                      0x200000f4   Data          12  uart_lib.o(.bss)
    .bss                                     0x20000100   Section       10  fsm_array_receive.o(.bss)
    .bss                                     0x2000010a   Section       20  message.o(.bss)
    .bss                                     0x20000120   Section       96  libspace.o(.bss)
    HEAP                                     0x20000180   Section      512  startup_stm32f10x_md.o(HEAP)
    Heap_Mem                                 0x20000180   Data         512  startup_stm32f10x_md.o(HEAP)
    STACK                                    0x20000380   Section     1024  startup_stm32f10x_md.o(STACK)
    Stack_Mem                                0x20000380   Data        1024  startup_stm32f10x_md.o(STACK)
    __initial_sp                             0x20000780   Data           0  startup_stm32f10x_md.o(STACK)

    Global Symbols

    Symbol Name                              Value     Ov Type        Size  Object(Section)

    BuildAttributes$$THM_ISAv4$P$D$K$B$S$PE$A:L22UL41UL21$X:L11$S22US41US21$IEEE1$IW$USESV6$~STKCKD$USESV7$~SHL$OTIME$ROPI$IEEEX$EBA8$UX$STANDARDLIB$REQ8$PRES8$EABIv2 0x00000000   Number         0  anon$$obj.o ABSOLUTE
    __ARM_use_no_argv                        0x00000000   Number         0  main.o ABSOLUTE
    _printf_flags                            0x00000000   Number         0  printf_stubs.o ABSOLUTE
    _printf_return_value                     0x00000000   Number         0  printf_stubs.o ABSOLUTE
    _printf_sizespec                         0x00000000   Number         0  printf_stubs.o ABSOLUTE
    _printf_widthprec                        0x00000000   Number         0  printf_stubs.o ABSOLUTE
    __ARM_exceptions_init                     - Undefined Weak Reference
    __alloca_initialize                       - Undefined Weak Reference
    __arm_preinit_                            - Undefined Weak Reference
    __cpp_initialize__aeabi_                  - Undefined Weak Reference
    __cxa_finalize                            - Undefined Weak Reference
    __sigvec_lookup                           - Undefined Weak Reference
    _atexit_init                              - Undefined Weak Reference
    _call_atexit_fns                          - Undefined Weak Reference
    _clock_init                               - Undefined Weak Reference
    _fp_trap_init                             - Undefined Weak Reference
    _fp_trap_shutdown                         - Undefined Weak Reference
    _get_lc_collate                           - Undefined Weak Reference
    _get_lc_monetary                          - Undefined Weak Reference
    _get_lc_time                              - Undefined Weak Reference
    _getenv_init                              - Undefined Weak Reference
    _handle_redirection                       - Undefined Weak Reference
    _init_alloc                               - Undefined Weak Reference
    _init_user_alloc                          - Undefined Weak Reference
    _initio                                   - Undefined Weak Reference
    _mutex_acquire                            - Undefined Weak Reference
    _mutex_release                            - Undefined Weak Reference
    _printf_post_padding                      - Undefined Weak Reference
    _printf_pre_padding                       - Undefined Weak Reference
    _rand_init                                - Undefined Weak Reference
    _scanf_int                                - Undefined Weak Reference
    _scanf_longlong                           - Undefined Weak Reference
    _scanf_mbtowc                             - Undefined Weak Reference
    _scanf_string                             - Undefined Weak Reference
    _scanf_wctomb                             - Undefined Weak Reference
    _scanf_wstring                            - Undefined Weak Reference
    _signal_finish                            - Undefined Weak Reference
    _signal_init                              - Undefined Weak Reference
    _terminate_alloc                          - Undefined Weak Reference
    _terminate_user_alloc                     - Undefined Weak Reference
    _terminateio                              - Undefined Weak Reference
    __Vectors_Size                           0x000000ec   Number         0  startup_stm32f10x_md.o ABSOLUTE
    __Vectors                                0x08000000   Data           4  startup_stm32f10x_md.o(RESET)
    __Vectors_End                            0x080000ec   Data           0  startup_stm32f10x_md.o(RESET)
    __main                                   0x080000ed   Thumb Code     8  __main.o(!!!main)
    __scatterload                            0x080000f5   Thumb Code     0  __scatter.o(!!!scatter)
    __scatterload_rt2                        0x080000f5   Thumb Code    44  __scatter.o(!!!scatter)
    __scatterload_rt2_thumb_only             0x080000f5   Thumb Code     0  __scatter.o(!!!scatter)
    __scatterload_null                       0x08000103   Thumb Code     0  __scatter.o(!!!scatter)
    __scatterload_copy                       0x08000129   Thumb Code    26  __scatter_copy.o(!!handler_copy)
    __scatterload_zeroinit                   0x08000145   Thumb Code    28  __scatter_zi.o(!!handler_zi)
    _printf_f                                0x08000161   Thumb Code     0  _printf_f.o(.ARM.Collect$$_printf_percent$$00000003)
    _printf_percent                          0x08000161   Thumb Code     0  _printf_percent.o(.ARM.Collect$$_printf_percent$$00000000)
    _printf_percent_end                      0x08000167   Thumb Code     0  _printf_percent_end.o(.ARM.Collect$$_printf_percent$$00000017)
    __rt_lib_init                            0x0800016b   Thumb Code     0  libinit.o(.ARM.Collect$$libinit$$00000000)
    __rt_lib_init_fp_1                       0x0800016d   Thumb Code     0  libinit2.o(.ARM.Collect$$libinit$$00000002)
    __rt_lib_init_heap_1                     0x0800016d   Thumb Code     0  libinit2.o(.ARM.Collect$$libinit$$0000000A)
    __rt_lib_init_lc_common                  0x0800016d   Thumb Code     0  libinit2.o(.ARM.Collect$$libinit$$0000000F)
    __rt_lib_init_preinit_1                  0x0800016d   Thumb Code     0  libinit2.o(.ARM.Collect$$libinit$$00000004)
    __rt_lib_init_rand_1                     0x0800016d   Thumb Code     0  libinit2.o(.ARM.Collect$$libinit$$0000000E)
    __rt_lib_init_user_alloc_1               0x0800016d   Thumb Code     0  libinit2.o(.ARM.Collect$$libinit$$0000000C)
    __rt_lib_init_lc_collate_1               0x08000173   Thumb Code     0  libinit2.o(.ARM.Collect$$libinit$$00000011)
    __rt_lib_init_lc_ctype_1                 0x08000173   Thumb Code     0  libinit2.o(.ARM.Collect$$libinit$$00000013)
    __rt_lib_init_lc_monetary_1              0x08000173   Thumb Code     0  libinit2.o(.ARM.Collect$$libinit$$00000015)
    __rt_lib_init_lc_numeric_2               0x08000173   Thumb Code     0  libinit2.o(.ARM.Collect$$libinit$$00000016)
    __rt_lib_init_alloca_1                   0x0800017d   Thumb Code     0  libinit2.o(.ARM.Collect$$libinit$$0000002E)
    __rt_lib_init_argv_1                     0x0800017d   Thumb Code     0  libinit2.o(.ARM.Collect$$libinit$$0000002C)
    __rt_lib_init_atexit_1                   0x0800017d   Thumb Code     0  libinit2.o(.ARM.Collect$$libinit$$0000001B)
    __rt_lib_init_clock_1                    0x0800017d   Thumb Code     0  libinit2.o(.ARM.Collect$$libinit$$00000021)
    __rt_lib_init_cpp_1                      0x0800017d   Thumb Code     0  libinit2.o(.ARM.Collect$$libinit$$00000032)
    __rt_lib_init_exceptions_1               0x0800017d   Thumb Code     0  libinit2.o(.ARM.Collect$$libinit$$00000030)
    __rt_lib_init_fp_trap_1                  0x0800017d   Thumb Code     0  libinit2.o(.ARM.Collect$$libinit$$0000001F)
    __rt_lib_init_getenv_1                   0x0800017d   Thumb Code     0  libinit2.o(.ARM.Collect$$libinit$$00000023)
    __rt_lib_init_lc_numeric_1               0x0800017d   Thumb Code     0  libinit2.o(.ARM.Collect$$libinit$$00000017)
    __rt_lib_init_lc_time_1                  0x0800017d   Thumb Code     0  libinit2.o(.ARM.Collect$$libinit$$00000019)
    __rt_lib_init_return                     0x0800017d   Thumb Code     0  libinit2.o(.ARM.Collect$$libinit$$00000033)
    __rt_lib_init_signal_1                   0x0800017d   Thumb Code     0  libinit2.o(.ARM.Collect$$libinit$$0000001D)
    __rt_lib_init_stdio_1                    0x0800017d   Thumb Code     0  libinit2.o(.ARM.Collect$$libinit$$00000025)
    __rt_lib_shutdown                        0x0800017f   Thumb Code     0  libshutdown.o(.ARM.Collect$$libshutdown$$00000000)
    __rt_lib_shutdown_cpp_1                  0x08000181   Thumb Code     0  libshutdown2.o(.ARM.Collect$$libshutdown$$00000002)
    __rt_lib_shutdown_fp_trap_1              0x08000181   Thumb Code     0  libshutdown2.o(.ARM.Collect$$libshutdown$$00000007)
    __rt_lib_shutdown_heap_1                 0x08000181   Thumb Code     0  libshutdown2.o(.ARM.Collect$$libshutdown$$0000000F)
    __rt_lib_shutdown_return                 0x08000181   Thumb Code     0  libshutdown2.o(.ARM.Collect$$libshutdown$$00000010)
    __rt_lib_shutdown_signal_1               0x08000181   Thumb Code     0  libshutdown2.o(.ARM.Collect$$libshutdown$$0000000A)
    __rt_lib_shutdown_stdio_1                0x08000181   Thumb Code     0  libshutdown2.o(.ARM.Collect$$libshutdown$$00000004)
    __rt_lib_shutdown_user_alloc_1           0x08000181   Thumb Code     0  libshutdown2.o(.ARM.Collect$$libshutdown$$0000000C)
    __rt_entry                               0x08000183   Thumb Code     0  __rtentry.o(.ARM.Collect$$rtentry$$00000000)
    __rt_entry_presh_1                       0x08000183   Thumb Code     0  __rtentry2.o(.ARM.Collect$$rtentry$$00000002)
    __rt_entry_sh                            0x08000183   Thumb Code     0  __rtentry4.o(.ARM.Collect$$rtentry$$00000004)
    __rt_entry_li                            0x08000189   Thumb Code     0  __rtentry2.o(.ARM.Collect$$rtentry$$0000000A)
    __rt_entry_postsh_1                      0x08000189   Thumb Code     0  __rtentry2.o(.ARM.Collect$$rtentry$$00000009)
    __rt_entry_main                          0x0800018d   Thumb Code     0  __rtentry2.o(.ARM.Collect$$rtentry$$0000000D)
    __rt_entry_postli_1                      0x0800018d   Thumb Code     0  __rtentry2.o(.ARM.Collect$$rtentry$$0000000C)
    __rt_exit                                0x08000195   Thumb Code     0  rtexit.o(.ARM.Collect$$rtexit$$00000000)
    __rt_exit_ls                             0x08000197   Thumb Code     0  rtexit2.o(.ARM.Collect$$rtexit$$00000003)
    __rt_exit_prels_1                        0x08000197   Thumb Code     0  rtexit2.o(.ARM.Collect$$rtexit$$00000002)
    __rt_exit_exit                           0x0800019b   Thumb Code     0  rtexit2.o(.ARM.Collect$$rtexit$$00000004)
    Reset_Handler                            0x080001a1   Thumb Code     8  startup_stm32f10x_md.o(.text)
    NMI_Handler                              0x080001a9   Thumb Code     2  startup_stm32f10x_md.o(.text)
    HardFault_Handler                        0x080001ab   Thumb Code     2  startup_stm32f10x_md.o(.text)
    MemManage_Handler                        0x080001ad   Thumb Code     2  startup_stm32f10x_md.o(.text)
    BusFault_Handler                         0x080001af   Thumb Code     2  startup_stm32f10x_md.o(.text)
    UsageFault_Handler                       0x080001b1   Thumb Code     2  startup_stm32f10x_md.o(.text)
    SVC_Handler                              0x080001b3   Thumb Code     2  startup_stm32f10x_md.o(.text)
    DebugMon_Handler                         0x080001b5   Thumb Code     2  startup_stm32f10x_md.o(.text)
    PendSV_Handler                           0x080001b7   Thumb Code     2  startup_stm32f10x_md.o(.text)
    SysTick_Handler                          0x080001b9   Thumb Code     2  startup_stm32f10x_md.o(.text)
    ADC1_2_IRQHandler                        0x080001bb   Thumb Code     0  startup_stm32f10x_md.o(.text)
    CAN1_RX1_IRQHandler                      0x080001bb   Thumb Code     0  startup_stm32f10x_md.o(.text)
    CAN1_SCE_IRQHandler                      0x080001bb   Thumb Code     0  startup_stm32f10x_md.o(.text)
    DMA1_Channel1_IRQHandler                 0x080001bb   Thumb Code     0  startup_stm32f10x_md.o(.text)
    DMA1_Channel2_IRQHandler                 0x080001bb   Thumb Code     0  startup_stm32f10x_md.o(.text)
    DMA1_Channel3_IRQHandler                 0x080001bb   Thumb Code     0  startup_stm32f10x_md.o(.text)
    DMA1_Channel4_IRQHandler                 0x080001bb   Thumb Code     0  startup_stm32f10x_md.o(.text)
    DMA1_Channel5_IRQHandler                 0x080001bb   Thumb Code     0  startup_stm32f10x_md.o(.text)
    DMA1_Channel6_IRQHandler                 0x080001bb   Thumb Code     0  startup_stm32f10x_md.o(.text)
    DMA1_Channel7_IRQHandler                 0x080001bb   Thumb Code     0  startup_stm32f10x_md.o(.text)
    EXTI0_IRQHandler                         0x080001bb   Thumb Code     0  startup_stm32f10x_md.o(.text)
    EXTI15_10_IRQHandler                     0x080001bb   Thumb Code     0  startup_stm32f10x_md.o(.text)
    EXTI1_IRQHandler                         0x080001bb   Thumb Code     0  startup_stm32f10x_md.o(.text)
    EXTI2_IRQHandler                         0x080001bb   Thumb Code     0  startup_stm32f10x_md.o(.text)
    EXTI3_IRQHandler                         0x080001bb   Thumb Code     0  startup_stm32f10x_md.o(.text)
    EXTI4_IRQHandler                         0x080001bb   Thumb Code     0  startup_stm32f10x_md.o(.text)
    EXTI9_5_IRQHandler                       0x080001bb   Thumb Code     0  startup_stm32f10x_md.o(.text)
    FLASH_IRQHandler                         0x080001bb   Thumb Code     0  startup_stm32f10x_md.o(.text)
    I2C1_ER_IRQHandler                       0x080001bb   Thumb Code     0  startup_stm32f10x_md.o(.text)
    I2C1_EV_IRQHandler                       0x080001bb   Thumb Code     0  startup_stm32f10x_md.o(.text)
    I2C2_ER_IRQHandler                       0x080001bb   Thumb Code     0  startup_stm32f10x_md.o(.text)
    I2C2_EV_IRQHandler                       0x080001bb   Thumb Code     0  startup_stm32f10x_md.o(.text)
    PVD_IRQHandler                           0x080001bb   Thumb Code     0  startup_stm32f10x_md.o(.text)
    RCC_IRQHandler                           0x080001bb   Thumb Code     0  startup_stm32f10x_md.o(.text)
    RTCAlarm_IRQHandler                      0x080001bb   Thumb Code     0  startup_stm32f10x_md.o(.text)
    RTC_IRQHandler                           0x080001bb   Thumb Code     0  startup_stm32f10x_md.o(.text)
    SPI1_IRQHandler                          0x080001bb   Thumb Code     0  startup_stm32f10x_md.o(.text)
    SPI2_IRQHandler                          0x080001bb   Thumb Code     0  startup_stm32f10x_md.o(.text)
    TAMPER_IRQHandler                        0x080001bb   Thumb Code     0  startup_stm32f10x_md.o(.text)
    TIM1_BRK_IRQHandler                      0x080001bb   Thumb Code     0  startup_stm32f10x_md.o(.text)
    TIM1_CC_IRQHandler                       0x080001bb   Thumb Code     0  startup_stm32f10x_md.o(.text)
    TIM1_TRG_COM_IRQHandler                  0x080001bb   Thumb Code     0  startup_stm32f10x_md.o(.text)
    TIM1_UP_IRQHandler                       0x080001bb   Thumb Code     0  startup_stm32f10x_md.o(.text)
    TIM2_IRQHandler                          0x080001bb   Thumb Code     0  startup_stm32f10x_md.o(.text)
    TIM3_IRQHandler                          0x080001bb   Thumb Code     0  startup_stm32f10x_md.o(.text)
    USART2_IRQHandler                        0x080001bb   Thumb Code     0  startup_stm32f10x_md.o(.text)
    USART3_IRQHandler                        0x080001bb   Thumb Code     0  startup_stm32f10x_md.o(.text)
    USBWakeUp_IRQHandler                     0x080001bb   Thumb Code     0  startup_stm32f10x_md.o(.text)
    USB_HP_CAN1_TX_IRQHandler                0x080001bb   Thumb Code     0  startup_stm32f10x_md.o(.text)
    USB_LP_CAN1_RX0_IRQHandler               0x080001bb   Thumb Code     0  startup_stm32f10x_md.o(.text)
    WWDG_IRQHandler                          0x080001bb   Thumb Code     0  startup_stm32f10x_md.o(.text)
    __user_initial_stackheap                 0x080001bd   Thumb Code     0  startup_stm32f10x_md.o(.text)
    __2printf                                0x080001e1   Thumb Code    20  noretval__2printf.o(.text)
    __printf                                 0x080001f9   Thumb Code   270  __printf_wp.o(.text)
    __use_two_region_memory                  0x08000307   Thumb Code     2  heapauxi.o(.text)
    __rt_heap_escrow$2region                 0x08000309   Thumb Code     2  heapauxi.o(.text)
    __rt_heap_expand$2region                 0x0800030b   Thumb Code     2  heapauxi.o(.text)
    __lib_sel_fp_printf                      0x0800030d   Thumb Code     2  _printf_fp_dec.o(.text)
    _printf_fp_dec_real                      0x080004bf   Thumb Code   620  _printf_fp_dec.o(.text)
    _printf_char_file                        0x0800072d   Thumb Code    32  _printf_char_file.o(.text)
    __rt_locale                              0x08000751   Thumb Code     8  rt_locale_intlibspace.o(.text)
    _ll_udiv10                               0x08000759   Thumb Code   138  lludiv10.o(.text)
    _printf_char_common                      0x080007ef   Thumb Code    32  _printf_char_common.o(.text)
    _printf_fp_infnan                        0x08000815   Thumb Code   112  _printf_fp_infnan.o(.text)
    _btod_etento                             0x08000895   Thumb Code   224  bigflt0.o(.text)
    ferror                                   0x08000979   Thumb Code     8  ferror.o(.text)
    __user_libspace                          0x08000981   Thumb Code     8  libspace.o(.text)
    __user_perproc_libspace                  0x08000981   Thumb Code     0  libspace.o(.text)
    __user_perthread_libspace                0x08000981   Thumb Code     0  libspace.o(.text)
    __user_setup_stackheap                   0x08000989   Thumb Code    74  sys_stackheap_outer.o(.text)
    exit                                     0x080009d3   Thumb Code    18  exit.o(.text)
    strcmp                                   0x080009e5   Thumb Code   128  strcmpv7m.o(.text)
    _sys_exit                                0x08000a65   Thumb Code     8  sys_exit.o(.text)
    __I$use$semihosting                      0x08000a71   Thumb Code     0  use_no_semi.o(.text)
    __use_no_semihosting_swi                 0x08000a71   Thumb Code     2  use_no_semi.o(.text)
    __semihosting_library_function           0x08000a73   Thumb Code     0  indicate_semi.o(.text)
    _btod_d2e                                0x08000a73   Thumb Code    62  btod.o(CL$$btod_d2e)
    _d2e_denorm_low                          0x08000ab1   Thumb Code    70  btod.o(CL$$btod_d2e_denorm_low)
    _d2e_norm_op1                            0x08000af7   Thumb Code    96  btod.o(CL$$btod_d2e_norm_op1)
    __btod_div_common                        0x08000b57   Thumb Code   696  btod.o(CL$$btod_div_common)
    _e2e                                     0x08000e8f   Thumb Code   220  btod.o(CL$$btod_e2e)
    _btod_ediv                               0x08000f6b   Thumb Code    42  btod.o(CL$$btod_ediv)
    _btod_emul                               0x08000f95   Thumb Code    42  btod.o(CL$$btod_emul)
    __btod_mult_common                       0x08000fbf   Thumb Code   580  btod.o(CL$$btod_mult_common)
    Button_Invert_ModeFlag                   0x08001205   Thumb Code    18  button_lib.o(i.Button_Invert_ModeFlag)
    Button_ReadAll                           0x08001241   Thumb Code    70  button_lib.o(i.Button_ReadAll)
    Button_Set_HoldMode                      0x08001295   Thumb Code     8  button_lib.o(i.Button_Set_HoldMode)
    Button_Set_UnholdMode                    0x080012a1   Thumb Code     8  button_lib.o(i.Button_Set_UnholdMode)
    CheckSum                                 0x080012ad   Thumb Code    62  message.o(i.CheckSum)
    Convert_From_Bytes_To_Uint16             0x080012eb   Thumb Code    18  convert.o(i.Convert_From_Bytes_To_Uint16)
    Convert_From_Float_To_Bytes              0x080012fd   Thumb Code     8  convert.o(i.Convert_From_Float_To_Bytes)
    Copy_Data_From_Arr_To_Struct             0x08001309   Thumb Code    48  message.o(i.Copy_Data_From_Arr_To_Struct)
    Fsm_Clear_DataReady_Flag                 0x08001339   Thumb Code     8  fsm_array_receive.o(i.Fsm_Clear_DataReady_Flag)
    Fsm_Get_DataReady_Flag                   0x08001345   Thumb Code     6  fsm_array_receive.o(i.Fsm_Get_DataReady_Flag)
    Fsm_Test_Array_Receive                   0x08001351   Thumb Code   306  fsm_array_receive.o(i.Fsm_Test_Array_Receive)
    GPIO_Init                                0x0800149d   Thumb Code   278  stm32f10x_gpio.o(i.GPIO_Init)
    GPIO_ReadInputDataBit                    0x080015b3   Thumb Code    18  stm32f10x_gpio.o(i.GPIO_ReadInputDataBit)
    GPIO_ResetBits                           0x080015c5   Thumb Code     4  stm32f10x_gpio.o(i.GPIO_ResetBits)
    GPIO_SetBits                             0x080015c9   Thumb Code     4  stm32f10x_gpio.o(i.GPIO_SetBits)
    Gpio_Init                                0x080015cd   Thumb Code   240  gpio_lib.o(i.Gpio_Init)
    HX711_Calibration                        0x080016c9   Thumb Code    10  hx711_lib.o(i.HX711_Calibration)
    HX711_Get_LoadValue                      0x080016dd   Thumb Code    52  hx711_lib.o(i.HX711_Get_LoadValue)
    HX711_Init                               0x08001721   Thumb Code    24  hx711_lib.o(i.HX711_Init)
    HX711_Make_Sample_Data                   0x0800173d   Thumb Code    46  hx711_lib.o(i.HX711_Make_Sample_Data)
    HX711_RangeConvert                       0x08001775   Thumb Code    76  hx711_lib.o(i.HX711_RangeConvert)
    HX711_Read                               0x080017dd   Thumb Code   128  hx711_lib.o(i.HX711_Read)
    I2C_CheckEvent                           0x08001865   Thumb Code    42  stm32f10x_i2c.o(i.I2C_CheckEvent)
    I2C_Cmd                                  0x0800188f   Thumb Code    24  stm32f10x_i2c.o(i.I2C_Cmd)
    I2C_GenerateSTART                        0x080018a7   Thumb Code    24  stm32f10x_i2c.o(i.I2C_GenerateSTART)
    I2C_GenerateSTOP                         0x080018bf   Thumb Code    24  stm32f10x_i2c.o(i.I2C_GenerateSTOP)
    I2C_Init                                 0x080018d9   Thumb Code   222  stm32f10x_i2c.o(i.I2C_Init)
    I2C_Send7bitAddress                      0x080019c5   Thumb Code    18  stm32f10x_i2c.o(i.I2C_Send7bitAddress)
    I2C_SendData                             0x080019d7   Thumb Code     4  stm32f10x_i2c.o(i.I2C_SendData)
    I2c_Init                                 0x080019dd   Thumb Code    64  i2c_lib.o(i.I2c_Init)
    LCD_Clear                                0x08001a25   Thumb Code    16  lcd_lib.o(i.LCD_Clear)
    LCD_Clear_Row                            0x08001a35   Thumb Code    64  lcd_lib.o(i.LCD_Clear_Row)
    LCD_Float_Number                         0x08001a75   Thumb Code   178  lcd_lib.o(i.LCD_Float_Number)
    LCD_Goto_XY                              0x08001b2d   Thumb Code    38  lcd_lib.o(i.LCD_Goto_XY)
    LCD_Interger_Number                      0x08001b53   Thumb Code    90  lcd_lib.o(i.LCD_Interger_Number)
    LCD_Print_On                             0x08001bad   Thumb Code    56  lcd_lib.o(i.LCD_Print_On)
    LCD_Weight_Print                         0x08001c05   Thumb Code   280  lcd_lib.o(i.LCD_Weight_Print)
    LCD_Write_Byte                           0x08001d3d   Thumb Code    84  lcd_lib.o(i.LCD_Write_Byte)
    LCD_Write_Control                        0x08001d9d   Thumb Code    74  lcd_lib.o(i.LCD_Write_Control)
    LCD_Write_Data                           0x08001de7   Thumb Code    74  lcd_lib.o(i.LCD_Write_Data)
    LCD_Write_String                         0x08001e31   Thumb Code    22  lcd_lib.o(i.LCD_Write_String)
    Main_System_Init                         0x08001e49   Thumb Code    84  main.o(i.Main_System_Init)
    Mes_Convert_AskToAnwser_FrameStruct      0x08001ecd   Thumb Code   128  message.o(i.Mes_Convert_AskToAnwser_FrameStruct)
    Mes_Create_FrameArray                    0x08001f4d   Thumb Code   108  message.o(i.Mes_Create_FrameArray)
    Mes_Create_FrameStruct                   0x08001fb9   Thumb Code   130  message.o(i.Mes_Create_FrameStruct)
    Mes_Detect_FrameStruct                   0x0800203b   Thumb Code   140  message.o(i.Mes_Detect_FrameStruct)
    Mes_Process_ReceivedMessage              0x080020c9   Thumb Code    36  message.o(i.Mes_Process_ReceivedMessage)
    Mes_SendUsart_Message                    0x080020f9   Thumb Code    36  message.o(i.Mes_SendUsart_Message)
    NVIC_Init                                0x08002125   Thumb Code   100  misc.o(i.NVIC_Init)
    NVIC_PriorityGroupConfig                 0x08002195   Thumb Code    10  misc.o(i.NVIC_PriorityGroupConfig)
    RCC_APB1PeriphClockCmd                   0x080021a9   Thumb Code    26  stm32f10x_rcc.o(i.RCC_APB1PeriphClockCmd)
    RCC_APB2PeriphClockCmd                   0x080021c9   Thumb Code    26  stm32f10x_rcc.o(i.RCC_APB2PeriphClockCmd)
    RCC_GetClocksFreq                        0x080021e9   Thumb Code   192  stm32f10x_rcc.o(i.RCC_GetClocksFreq)
    SimpleKalmanFilter                       0x080023a5   Thumb Code    14  kalman_filter_lib.o(i.SimpleKalmanFilter)
    SystemInit                               0x080023c1   Thumb Code    78  system_stm32f10x.o(i.SystemInit)
    TIM4_IRQHandler                          0x08002421   Thumb Code    56  timer_lib.o(i.TIM4_IRQHandler)
    TIM_ClearFlag                            0x08002469   Thumb Code     6  stm32f10x_tim.o(i.TIM_ClearFlag)
    TIM_ClearITPendingBit                    0x0800246f   Thumb Code     6  stm32f10x_tim.o(i.TIM_ClearITPendingBit)
    TIM_Cmd                                  0x08002475   Thumb Code    24  stm32f10x_tim.o(i.TIM_Cmd)
    TIM_GetITStatus                          0x0800248d   Thumb Code    34  stm32f10x_tim.o(i.TIM_GetITStatus)
    TIM_ITConfig                             0x080024af   Thumb Code    18  stm32f10x_tim.o(i.TIM_ITConfig)
    TIM_TimeBaseInit                         0x080024c1   Thumb Code   122  stm32f10x_tim.o(i.TIM_TimeBaseInit)
    Timer4_Base_Init                         0x08002565   Thumb Code   118  timer_lib.o(i.Timer4_Base_Init)
    Timer4_Delay_Ms                          0x080025e1   Thumb Code    52  timer_lib.o(i.Timer4_Delay_Ms)
    USART1_IRQHandler                        0x08002619   Thumb Code    92  uart_lib.o(i.USART1_IRQHandler)
    USART1_Init                              0x0800268d   Thumb Code   104  uart_lib.o(i.USART1_Init)
    USART1_Send_Char                         0x080026f9   Thumb Code    28  uart_lib.o(i.USART1_Send_Char)
    USART1_Send_Series                       0x08002719   Thumb Code    42  uart_lib.o(i.USART1_Send_Series)
    USART_Cmd                                0x08002749   Thumb Code    24  stm32f10x_usart.o(i.USART_Cmd)
    USART_GetFlagStatus                      0x08002761   Thumb Code    26  stm32f10x_usart.o(i.USART_GetFlagStatus)
    USART_GetITStatus                        0x0800277b   Thumb Code    84  stm32f10x_usart.o(i.USART_GetITStatus)
    USART_ITConfig                           0x080027cf   Thumb Code    74  stm32f10x_usart.o(i.USART_ITConfig)
    USART_Init                               0x08002819   Thumb Code   210  stm32f10x_usart.o(i.USART_Init)
    USART_ReceiveData                        0x080028f1   Thumb Code    10  stm32f10x_usart.o(i.USART_ReceiveData)
    USART_SendData                           0x080028fb   Thumb Code     8  stm32f10x_usart.o(i.USART_SendData)
    __ARM_fpclassify                         0x08002903   Thumb Code    40  fpclassify.o(i.__ARM_fpclassify)
    _is_digit                                0x0800292b   Thumb Code    14  __printf_wp.o(i._is_digit)
    fputc                                    0x08002939   Thumb Code    16  uart_lib.o(i.fputc)
    main                                     0x08002949   Thumb Code   130  main.o(i.main)
    updateEstimate                           0x080029ed   Thumb Code   200  kalman_filter_lib.o(i.updateEstimate)
    _get_lc_numeric                          0x08002ad1   Thumb Code    44  lc_numeric_c.o(locale$$code)
    __aeabi_d2f                              0x08002afd   Thumb Code     0  d2f.o(x$fpl$d2f)
    _d2f                                     0x08002afd   Thumb Code    98  d2f.o(x$fpl$d2f)
    __aeabi_dadd                             0x08002b61   Thumb Code     0  daddsub_clz.o(x$fpl$dadd)
    _dadd                                    0x08002b61   Thumb Code   332  daddsub_clz.o(x$fpl$dadd)
    __fpl_dcmp_Inf                           0x08002cb1   Thumb Code    24  dcmpi.o(x$fpl$dcmpinf)
    __aeabi_ddiv                             0x08002cc9   Thumb Code     0  ddiv.o(x$fpl$ddiv)
    _ddiv                                    0x08002cc9   Thumb Code   552  ddiv.o(x$fpl$ddiv)
    __aeabi_d2iz                             0x08002f79   Thumb Code     0  dfix.o(x$fpl$dfix)
    _dfix                                    0x08002f79   Thumb Code    94  dfix.o(x$fpl$dfix)
    __aeabi_cdcmple                          0x08002fd9   Thumb Code     0  dleqf.o(x$fpl$dleqf)
    _dcmple                                  0x08002fd9   Thumb Code   120  dleqf.o(x$fpl$dleqf)
    __fpl_dcmple_InfNaN                      0x0800303b   Thumb Code     0  dleqf.o(x$fpl$dleqf)
    __aeabi_dmul                             0x08003051   Thumb Code     0  dmul.o(x$fpl$dmul)
    _dmul                                    0x08003051   Thumb Code   332  dmul.o(x$fpl$dmul)
    __fpl_dnaninf                            0x080031a5   Thumb Code   156  dnaninf.o(x$fpl$dnaninf)
    __fpl_dretinf                            0x08003241   Thumb Code    12  dretinf.o(x$fpl$dretinf)
    __aeabi_cdrcmple                         0x0800324d   Thumb Code     0  drleqf.o(x$fpl$drleqf)
    _drcmple                                 0x0800324d   Thumb Code   108  drleqf.o(x$fpl$drleqf)
    __aeabi_drsub                            0x080032b9   Thumb Code     0  daddsub_clz.o(x$fpl$drsb)
    _drsb                                    0x080032b9   Thumb Code    22  daddsub_clz.o(x$fpl$drsb)
    __aeabi_dsub                             0x080032d1   Thumb Code     0  daddsub_clz.o(x$fpl$dsub)
    _dsub                                    0x080032d1   Thumb Code   464  daddsub_clz.o(x$fpl$dsub)
    __aeabi_f2d                              0x080034a5   Thumb Code     0  f2d.o(x$fpl$f2d)
    _f2d                                     0x080034a5   Thumb Code    86  f2d.o(x$fpl$f2d)
    __aeabi_fadd                             0x080034fd   Thumb Code     0  faddsub_clz.o(x$fpl$fadd)
    _fadd                                    0x080034fd   Thumb Code   196  faddsub_clz.o(x$fpl$fadd)
    __fpl_fcmp_Inf                           0x080035c1   Thumb Code    24  fcmpi.o(x$fpl$fcmpinf)
    __aeabi_fdiv                             0x080035d9   Thumb Code     0  fdiv.o(x$fpl$fdiv)
    _fdiv                                    0x080035d9   Thumb Code   384  fdiv.o(x$fpl$fdiv)
    __aeabi_cfcmpeq                          0x0800375d   Thumb Code     0  feqf.o(x$fpl$feqf)
    _fcmpeq                                  0x0800375d   Thumb Code   104  feqf.o(x$fpl$feqf)
    __aeabi_f2iz                             0x080037c5   Thumb Code     0  ffix.o(x$fpl$ffix)
    _ffix                                    0x080037c5   Thumb Code    54  ffix.o(x$fpl$ffix)
    __aeabi_f2uiz                            0x080037fd   Thumb Code     0  ffixu.o(x$fpl$ffixu)
    _ffixu                                   0x080037fd   Thumb Code    62  ffixu.o(x$fpl$ffixu)
    __aeabi_ui2f                             0x0800383d   Thumb Code     0  fflt_clz.o(x$fpl$ffltu)
    _ffltu                                   0x0800383d   Thumb Code    38  fflt_clz.o(x$fpl$ffltu)
    __aeabi_cfcmple                          0x08003865   Thumb Code     0  fleqf.o(x$fpl$fleqf)
    _fcmple                                  0x08003865   Thumb Code   104  fleqf.o(x$fpl$fleqf)
    __fpl_fcmple_InfNaN                      0x080038b7   Thumb Code     0  fleqf.o(x$fpl$fleqf)
    __aeabi_fmul                             0x080038cd   Thumb Code     0  fmul.o(x$fpl$fmul)
    _fmul                                    0x080038cd   Thumb Code   258  fmul.o(x$fpl$fmul)
    __fpl_fnaninf                            0x080039cf   Thumb Code   140  fnaninf.o(x$fpl$fnaninf)
    __fpl_fretinf                            0x08003a5b   Thumb Code    10  fretinf.o(x$fpl$fretinf)
    __aeabi_cfrcmple                         0x08003a65   Thumb Code     0  frleqf.o(x$fpl$frleqf)
    _frcmple                                 0x08003a65   Thumb Code    98  frleqf.o(x$fpl$frleqf)
    __aeabi_fsub                             0x08003ac9   Thumb Code     0  faddsub_clz.o(x$fpl$fsub)
    _fsub                                    0x08003ac9   Thumb Code   234  faddsub_clz.o(x$fpl$fsub)
    _printf_fp_dec                           0x08003bb3   Thumb Code     4  printf1.o(x$fpl$printf1)
    __I$use$fp                               0x08003bb6   Number         0  usenofp.o(x$fpl$usenofp)
    Region$$Table$$Base                      0x08003c4c   Number         0  anon$$obj.o(Region$$Table)
    Region$$Table$$Limit                     0x08003c6c   Number         0  anon$$obj.o(Region$$Table)
    CALIB_BT                                 0x20000000   Data           4  button_lib.o(.data)
    HOLD_BT                                  0x20000004   Data           4  button_lib.o(.data)
    button_mode_flag                         0x20000008   Data           1  button_lib.o(.data)
    timer4_ticks                             0x2000000c   Data           4  timer_lib.o(.data)
    timer4_ticks_makesampledata              0x20000010   Data           4  timer_lib.o(.data)
    timer4_ticks_usartsend                   0x20000014   Data           4  timer_lib.o(.data)
    kalman_mea_e                             0x20000018   Data           4  uart_lib.o(.data)
    kalman_est_e                             0x2000001c   Data           4  uart_lib.o(.data)
    kalman_q                                 0x20000020   Data           4  uart_lib.o(.data)
    kalman_count                             0x20000024   Data           1  uart_lib.o(.data)
    __stdout                                 0x20000028   Data           4  uart_lib.o(.data)
    hx711_make_sample_data                   0x20000048   Data           4  hx711_lib.o(.data)
    hx711_sample_count                       0x2000004c   Data           1  hx711_lib.o(.data)
    hx711_kalman_value                       0x20000050   Data           4  hx711_lib.o(.data)
    hx711_range_convert                      0x20000054   Data           4  hx711_lib.o(.data)
    main_get_weight                          0x20000064   Data           4  main.o(.data)
    fsm_arr_out                              0x20000100   Data          10  fsm_array_receive.o(.bss)
    mes_frame_struct                         0x2000010a   Data          10  message.o(.bss)
    mes_frame_arrayout                       0x20000114   Data          10  message.o(.bss)
    __libspace_start                         0x20000120   Data          96  libspace.o(.bss)
    __temporary_stack_top$libspace           0x20000180   Data           0  libspace.o(.bss)



==============================================================================

Memory Map of the image

  Image Entry point : 0x080000ed

  Load Region LR_IROM1 (Base: 0x08000000, Size: 0x00003d18, Max: 0x00010000, ABSOLUTE)

    Execution Region ER_IROM1 (Exec base: 0x08000000, Load base: 0x08000000, Size: 0x00003c88, Max: 0x00010000, ABSOLUTE)

    Exec Addr    Load Addr    Size         Type   Attr      Idx    E Section Name        Object

    0x08000000   0x08000000   0x000000ec   Data   RO         2138    RESET               startup_stm32f10x_md.o
    0x080000ec   0x080000ec   0x00000008   Code   RO         2223  * !!!main             c_w.l(__main.o)
    0x080000f4   0x080000f4   0x00000034   Code   RO         2596    !!!scatter          c_w.l(__scatter.o)
    0x08000128   0x08000128   0x0000001a   Code   RO         2598    !!handler_copy      c_w.l(__scatter_copy.o)
    0x08000142   0x08000142   0x00000002   PAD
    0x08000144   0x08000144   0x0000001c   Code   RO         2600    !!handler_zi        c_w.l(__scatter_zi.o)
    0x08000160   0x08000160   0x00000000   Code   RO         2218    .ARM.Collect$$_printf_percent$$00000000  c_w.l(_printf_percent.o)
    0x08000160   0x08000160   0x00000006   Code   RO         2217    .ARM.Collect$$_printf_percent$$00000003  c_w.l(_printf_f.o)
    0x08000166   0x08000166   0x00000004   Code   RO         2292    .ARM.Collect$$_printf_percent$$00000017  c_w.l(_printf_percent_end.o)
    0x0800016a   0x0800016a   0x00000002   Code   RO         2423    .ARM.Collect$$libinit$$00000000  c_w.l(libinit.o)
    0x0800016c   0x0800016c   0x00000000   Code   RO         2425    .ARM.Collect$$libinit$$00000002  c_w.l(libinit2.o)
    0x0800016c   0x0800016c   0x00000000   Code   RO         2427    .ARM.Collect$$libinit$$00000004  c_w.l(libinit2.o)
    0x0800016c   0x0800016c   0x00000000   Code   RO         2430    .ARM.Collect$$libinit$$0000000A  c_w.l(libinit2.o)
    0x0800016c   0x0800016c   0x00000000   Code   RO         2432    .ARM.Collect$$libinit$$0000000C  c_w.l(libinit2.o)
    0x0800016c   0x0800016c   0x00000000   Code   RO         2434    .ARM.Collect$$libinit$$0000000E  c_w.l(libinit2.o)
    0x0800016c   0x0800016c   0x00000006   Code   RO         2435    .ARM.Collect$$libinit$$0000000F  c_w.l(libinit2.o)
    0x08000172   0x08000172   0x00000000   Code   RO         2437    .ARM.Collect$$libinit$$00000011  c_w.l(libinit2.o)
    0x08000172   0x08000172   0x00000000   Code   RO         2439    .ARM.Collect$$libinit$$00000013  c_w.l(libinit2.o)
    0x08000172   0x08000172   0x00000000   Code   RO         2441    .ARM.Collect$$libinit$$00000015  c_w.l(libinit2.o)
    0x08000172   0x08000172   0x0000000a   Code   RO         2442    .ARM.Collect$$libinit$$00000016  c_w.l(libinit2.o)
    0x0800017c   0x0800017c   0x00000000   Code   RO         2443    .ARM.Collect$$libinit$$00000017  c_w.l(libinit2.o)
    0x0800017c   0x0800017c   0x00000000   Code   RO         2445    .ARM.Collect$$libinit$$00000019  c_w.l(libinit2.o)
    0x0800017c   0x0800017c   0x00000000   Code   RO         2447    .ARM.Collect$$libinit$$0000001B  c_w.l(libinit2.o)
    0x0800017c   0x0800017c   0x00000000   Code   RO         2449    .ARM.Collect$$libinit$$0000001D  c_w.l(libinit2.o)
    0x0800017c   0x0800017c   0x00000000   Code   RO         2451    .ARM.Collect$$libinit$$0000001F  c_w.l(libinit2.o)
    0x0800017c   0x0800017c   0x00000000   Code   RO         2453    .ARM.Collect$$libinit$$00000021  c_w.l(libinit2.o)
    0x0800017c   0x0800017c   0x00000000   Code   RO         2455    .ARM.Collect$$libinit$$00000023  c_w.l(libinit2.o)
    0x0800017c   0x0800017c   0x00000000   Code   RO         2457    .ARM.Collect$$libinit$$00000025  c_w.l(libinit2.o)
    0x0800017c   0x0800017c   0x00000000   Code   RO         2461    .ARM.Collect$$libinit$$0000002C  c_w.l(libinit2.o)
    0x0800017c   0x0800017c   0x00000000   Code   RO         2463    .ARM.Collect$$libinit$$0000002E  c_w.l(libinit2.o)
    0x0800017c   0x0800017c   0x00000000   Code   RO         2465    .ARM.Collect$$libinit$$00000030  c_w.l(libinit2.o)
    0x0800017c   0x0800017c   0x00000000   Code   RO         2467    .ARM.Collect$$libinit$$00000032  c_w.l(libinit2.o)
    0x0800017c   0x0800017c   0x00000002   Code   RO         2468    .ARM.Collect$$libinit$$00000033  c_w.l(libinit2.o)
    0x0800017e   0x0800017e   0x00000002   Code   RO         2540    .ARM.Collect$$libshutdown$$00000000  c_w.l(libshutdown.o)
    0x08000180   0x08000180   0x00000000   Code   RO         2553    .ARM.Collect$$libshutdown$$00000002  c_w.l(libshutdown2.o)
    0x08000180   0x08000180   0x00000000   Code   RO         2555    .ARM.Collect$$libshutdown$$00000004  c_w.l(libshutdown2.o)
    0x08000180   0x08000180   0x00000000   Code   RO         2558    .ARM.Collect$$libshutdown$$00000007  c_w.l(libshutdown2.o)
    0x08000180   0x08000180   0x00000000   Code   RO         2561    .ARM.Collect$$libshutdown$$0000000A  c_w.l(libshutdown2.o)
    0x08000180   0x08000180   0x00000000   Code   RO         2563    .ARM.Collect$$libshutdown$$0000000C  c_w.l(libshutdown2.o)
    0x08000180   0x08000180   0x00000000   Code   RO         2566    .ARM.Collect$$libshutdown$$0000000F  c_w.l(libshutdown2.o)
    0x08000180   0x08000180   0x00000002   Code   RO         2567    .ARM.Collect$$libshutdown$$00000010  c_w.l(libshutdown2.o)
    0x08000182   0x08000182   0x00000000   Code   RO         2287    .ARM.Collect$$rtentry$$00000000  c_w.l(__rtentry.o)
    0x08000182   0x08000182   0x00000000   Code   RO         2313    .ARM.Collect$$rtentry$$00000002  c_w.l(__rtentry2.o)
    0x08000182   0x08000182   0x00000006   Code   RO         2325    .ARM.Collect$$rtentry$$00000004  c_w.l(__rtentry4.o)
    0x08000188   0x08000188   0x00000000   Code   RO         2315    .ARM.Collect$$rtentry$$00000009  c_w.l(__rtentry2.o)
    0x08000188   0x08000188   0x00000004   Code   RO         2316    .ARM.Collect$$rtentry$$0000000A  c_w.l(__rtentry2.o)
    0x0800018c   0x0800018c   0x00000000   Code   RO         2318    .ARM.Collect$$rtentry$$0000000C  c_w.l(__rtentry2.o)
    0x0800018c   0x0800018c   0x00000008   Code   RO         2319    .ARM.Collect$$rtentry$$0000000D  c_w.l(__rtentry2.o)
    0x08000194   0x08000194   0x00000002   Code   RO         2473    .ARM.Collect$$rtexit$$00000000  c_w.l(rtexit.o)
    0x08000196   0x08000196   0x00000000   Code   RO         2501    .ARM.Collect$$rtexit$$00000002  c_w.l(rtexit2.o)
    0x08000196   0x08000196   0x00000004   Code   RO         2502    .ARM.Collect$$rtexit$$00000003  c_w.l(rtexit2.o)
    0x0800019a   0x0800019a   0x00000006   Code   RO         2503    .ARM.Collect$$rtexit$$00000004  c_w.l(rtexit2.o)
    0x080001a0   0x080001a0   0x00000040   Code   RO         2139    .text               startup_stm32f10x_md.o
    0x080001e0   0x080001e0   0x00000018   Code   RO         2193    .text               c_w.l(noretval__2printf.o)
    0x080001f8   0x080001f8   0x0000010e   Code   RO         2205    .text               c_w.l(__printf_wp.o)
    0x08000306   0x08000306   0x00000006   Code   RO         2221    .text               c_w.l(heapauxi.o)
    0x0800030c   0x0800030c   0x0000041e   Code   RO         2288    .text               c_w.l(_printf_fp_dec.o)
    0x0800072a   0x0800072a   0x00000002   PAD
    0x0800072c   0x0800072c   0x00000024   Code   RO         2290    .text               c_w.l(_printf_char_file.o)
    0x08000750   0x08000750   0x00000008   Code   RO         2330    .text               c_w.l(rt_locale_intlibspace.o)
    0x08000758   0x08000758   0x0000008a   Code   RO         2337    .text               c_w.l(lludiv10.o)
    0x080007e2   0x080007e2   0x00000002   PAD
    0x080007e4   0x080007e4   0x00000030   Code   RO         2341    .text               c_w.l(_printf_char_common.o)
    0x08000814   0x08000814   0x00000080   Code   RO         2343    .text               c_w.l(_printf_fp_infnan.o)
    0x08000894   0x08000894   0x000000e4   Code   RO         2347    .text               c_w.l(bigflt0.o)
    0x08000978   0x08000978   0x00000008   Code   RO         2372    .text               c_w.l(ferror.o)
    0x08000980   0x08000980   0x00000008   Code   RO         2399    .text               c_w.l(libspace.o)
    0x08000988   0x08000988   0x0000004a   Code   RO         2402    .text               c_w.l(sys_stackheap_outer.o)
    0x080009d2   0x080009d2   0x00000012   Code   RO         2414    .text               c_w.l(exit.o)
    0x080009e4   0x080009e4   0x00000080   Code   RO         2416    .text               c_w.l(strcmpv7m.o)
    0x08000a64   0x08000a64   0x0000000c   Code   RO         2530    .text               c_w.l(sys_exit.o)
    0x08000a70   0x08000a70   0x00000002   Code   RO         2543    .text               c_w.l(use_no_semi.o)
    0x08000a72   0x08000a72   0x00000000   Code   RO         2545    .text               c_w.l(indicate_semi.o)
    0x08000a72   0x08000a72   0x0000003e   Code   RO         2350    CL$$btod_d2e        c_w.l(btod.o)
    0x08000ab0   0x08000ab0   0x00000046   Code   RO         2352    CL$$btod_d2e_denorm_low  c_w.l(btod.o)
    0x08000af6   0x08000af6   0x00000060   Code   RO         2351    CL$$btod_d2e_norm_op1  c_w.l(btod.o)
    0x08000b56   0x08000b56   0x00000338   Code   RO         2360    CL$$btod_div_common  c_w.l(btod.o)
    0x08000e8e   0x08000e8e   0x000000dc   Code   RO         2357    CL$$btod_e2e        c_w.l(btod.o)
    0x08000f6a   0x08000f6a   0x0000002a   Code   RO         2354    CL$$btod_ediv       c_w.l(btod.o)
    0x08000f94   0x08000f94   0x0000002a   Code   RO         2353    CL$$btod_emul       c_w.l(btod.o)
    0x08000fbe   0x08000fbe   0x00000244   Code   RO         2359    CL$$btod_mult_common  c_w.l(btod.o)
    0x08001202   0x08001202   0x00000002   PAD
    0x08001204   0x08001204   0x00000018   Code   RO            5    i.Button_Invert_ModeFlag  button_lib.o
    0x0800121c   0x0800121c   0x00000022   Code   RO            6    i.Button_Read       button_lib.o
    0x0800123e   0x0800123e   0x00000002   PAD
    0x08001240   0x08001240   0x00000054   Code   RO            7    i.Button_ReadAll    button_lib.o
    0x08001294   0x08001294   0x0000000c   Code   RO            8    i.Button_Set_HoldMode  button_lib.o
    0x080012a0   0x080012a0   0x0000000c   Code   RO            9    i.Button_Set_UnholdMode  button_lib.o
    0x080012ac   0x080012ac   0x0000003e   Code   RO          707    i.CheckSum          message.o
    0x080012ea   0x080012ea   0x00000012   Code   RO          619    i.Convert_From_Bytes_To_Uint16  convert.o
    0x080012fc   0x080012fc   0x0000000c   Code   RO          620    i.Convert_From_Float_To_Bytes  convert.o
    0x08001308   0x08001308   0x00000030   Code   RO          708    i.Copy_Data_From_Arr_To_Struct  message.o
    0x08001338   0x08001338   0x0000000c   Code   RO          663    i.Fsm_Clear_DataReady_Flag  fsm_array_receive.o
    0x08001344   0x08001344   0x0000000c   Code   RO          664    i.Fsm_Get_DataReady_Flag  fsm_array_receive.o
    0x08001350   0x08001350   0x0000014c   Code   RO          665    i.Fsm_Test_Array_Receive  fsm_array_receive.o
    0x0800149c   0x0800149c   0x00000116   Code   RO          839    i.GPIO_Init         stm32f10x_gpio.o
    0x080015b2   0x080015b2   0x00000012   Code   RO          843    i.GPIO_ReadInputDataBit  stm32f10x_gpio.o
    0x080015c4   0x080015c4   0x00000004   Code   RO          846    i.GPIO_ResetBits    stm32f10x_gpio.o
    0x080015c8   0x080015c8   0x00000004   Code   RO          847    i.GPIO_SetBits      stm32f10x_gpio.o
    0x080015cc   0x080015cc   0x000000fc   Code   RO          130    i.Gpio_Init         gpio_lib.o
    0x080016c8   0x080016c8   0x00000014   Code   RO          416    i.HX711_Calibration  hx711_lib.o
    0x080016dc   0x080016dc   0x00000044   Code   RO          417    i.HX711_Get_LoadValue  hx711_lib.o
    0x08001720   0x08001720   0x0000001c   Code   RO          418    i.HX711_Init        hx711_lib.o
    0x0800173c   0x0800173c   0x00000038   Code   RO          419    i.HX711_Make_Sample_Data  hx711_lib.o
    0x08001774   0x08001774   0x00000068   Code   RO          420    i.HX711_RangeConvert  hx711_lib.o
    0x080017dc   0x080017dc   0x00000088   Code   RO          421    i.HX711_Read        hx711_lib.o
    0x08001864   0x08001864   0x0000002a   Code   RO          962    i.I2C_CheckEvent    stm32f10x_i2c.o
    0x0800188e   0x0800188e   0x00000018   Code   RO          965    i.I2C_Cmd           stm32f10x_i2c.o
    0x080018a6   0x080018a6   0x00000018   Code   RO          972    i.I2C_GenerateSTART  stm32f10x_i2c.o
    0x080018be   0x080018be   0x00000018   Code   RO          973    i.I2C_GenerateSTOP  stm32f10x_i2c.o
    0x080018d6   0x080018d6   0x00000002   PAD
    0x080018d8   0x080018d8   0x000000ec   Code   RO          979    i.I2C_Init          stm32f10x_i2c.o
    0x080019c4   0x080019c4   0x00000012   Code   RO          986    i.I2C_Send7bitAddress  stm32f10x_i2c.o
    0x080019d6   0x080019d6   0x00000004   Code   RO          987    i.I2C_SendData      stm32f10x_i2c.o
    0x080019da   0x080019da   0x00000002   PAD
    0x080019dc   0x080019dc   0x00000048   Code   RO          154    i.I2c_Init          i2c_lib.o
    0x08001a24   0x08001a24   0x00000010   Code   RO          477    i.LCD_Clear         lcd_lib.o
    0x08001a34   0x08001a34   0x00000040   Code   RO          478    i.LCD_Clear_Row     lcd_lib.o
    0x08001a74   0x08001a74   0x000000b8   Code   RO          479    i.LCD_Float_Number  lcd_lib.o
    0x08001b2c   0x08001b2c   0x00000026   Code   RO          480    i.LCD_Goto_XY       lcd_lib.o
    0x08001b52   0x08001b52   0x0000005a   Code   RO          482    i.LCD_Interger_Number  lcd_lib.o
    0x08001bac   0x08001bac   0x00000058   Code   RO          483    i.LCD_Print_On      lcd_lib.o
    0x08001c04   0x08001c04   0x00000138   Code   RO          484    i.LCD_Weight_Print  lcd_lib.o
    0x08001d3c   0x08001d3c   0x00000060   Code   RO          485    i.LCD_Write_Byte    lcd_lib.o
    0x08001d9c   0x08001d9c   0x0000004a   Code   RO          486    i.LCD_Write_Control  lcd_lib.o
    0x08001de6   0x08001de6   0x0000004a   Code   RO          487    i.LCD_Write_Data    lcd_lib.o
    0x08001e30   0x08001e30   0x00000016   Code   RO          488    i.LCD_Write_String  lcd_lib.o
    0x08001e46   0x08001e46   0x00000002   PAD
    0x08001e48   0x08001e48   0x00000084   Code   RO          583    i.Main_System_Init  main.o
    0x08001ecc   0x08001ecc   0x00000080   Code   RO          709    i.Mes_Convert_AskToAnwser_FrameStruct  message.o
    0x08001f4c   0x08001f4c   0x0000006c   Code   RO          710    i.Mes_Create_FrameArray  message.o
    0x08001fb8   0x08001fb8   0x00000082   Code   RO          711    i.Mes_Create_FrameStruct  message.o
    0x0800203a   0x0800203a   0x0000008c   Code   RO          712    i.Mes_Detect_FrameStruct  message.o
    0x080020c6   0x080020c6   0x00000002   PAD
    0x080020c8   0x080020c8   0x00000030   Code   RO          713    i.Mes_Process_ReceivedMessage  message.o
    0x080020f8   0x080020f8   0x0000002c   Code   RO          714    i.Mes_SendUsart_Message  message.o
    0x08002124   0x08002124   0x00000070   Code   RO          785    i.NVIC_Init         misc.o
    0x08002194   0x08002194   0x00000014   Code   RO          786    i.NVIC_PriorityGroupConfig  misc.o
    0x080021a8   0x080021a8   0x00000020   Code   RO         1177    i.RCC_APB1PeriphClockCmd  stm32f10x_rcc.o
    0x080021c8   0x080021c8   0x00000020   Code   RO         1179    i.RCC_APB2PeriphClockCmd  stm32f10x_rcc.o
    0x080021e8   0x080021e8   0x000000d4   Code   RO         1187    i.RCC_GetClocksFreq  stm32f10x_rcc.o
    0x080022bc   0x080022bc   0x00000008   Code   RO         2146    i.SetSysClock       system_stm32f10x.o
    0x080022c4   0x080022c4   0x000000e0   Code   RO         2147    i.SetSysClockTo72   system_stm32f10x.o
    0x080023a4   0x080023a4   0x0000001c   Code   RO          355    i.SimpleKalmanFilter  kalman_filter_lib.o
    0x080023c0   0x080023c0   0x00000060   Code   RO         2149    i.SystemInit        system_stm32f10x.o
    0x08002420   0x08002420   0x00000048   Code   RO          178    i.TIM4_IRQHandler   timer_lib.o
    0x08002468   0x08002468   0x00000006   Code   RO         1397    i.TIM_ClearFlag     stm32f10x_tim.o
    0x0800246e   0x0800246e   0x00000006   Code   RO         1398    i.TIM_ClearITPendingBit  stm32f10x_tim.o
    0x08002474   0x08002474   0x00000018   Code   RO         1403    i.TIM_Cmd           stm32f10x_tim.o
    0x0800248c   0x0800248c   0x00000022   Code   RO         1424    i.TIM_GetITStatus   stm32f10x_tim.o
    0x080024ae   0x080024ae   0x00000012   Code   RO         1428    i.TIM_ITConfig      stm32f10x_tim.o
    0x080024c0   0x080024c0   0x000000a4   Code   RO         1474    i.TIM_TimeBaseInit  stm32f10x_tim.o
    0x08002564   0x08002564   0x0000007c   Code   RO          179    i.Timer4_Base_Init  timer_lib.o
    0x080025e0   0x080025e0   0x00000038   Code   RO          180    i.Timer4_Delay_Ms   timer_lib.o
    0x08002618   0x08002618   0x00000074   Code   RO          233    i.USART1_IRQHandler  uart_lib.o
    0x0800268c   0x0800268c   0x0000006c   Code   RO          234    i.USART1_Init       uart_lib.o
    0x080026f8   0x080026f8   0x00000020   Code   RO          236    i.USART1_Send_Char  uart_lib.o
    0x08002718   0x08002718   0x00000030   Code   RO          239    i.USART1_Send_Series  uart_lib.o
    0x08002748   0x08002748   0x00000018   Code   RO         1951    i.USART_Cmd         stm32f10x_usart.o
    0x08002760   0x08002760   0x0000001a   Code   RO         1954    i.USART_GetFlagStatus  stm32f10x_usart.o
    0x0800277a   0x0800277a   0x00000054   Code   RO         1955    i.USART_GetITStatus  stm32f10x_usart.o
    0x080027ce   0x080027ce   0x0000004a   Code   RO         1957    i.USART_ITConfig    stm32f10x_usart.o
    0x08002818   0x08002818   0x000000d8   Code   RO         1958    i.USART_Init        stm32f10x_usart.o
    0x080028f0   0x080028f0   0x0000000a   Code   RO         1965    i.USART_ReceiveData  stm32f10x_usart.o
    0x080028fa   0x080028fa   0x00000008   Code   RO         1968    i.USART_SendData    stm32f10x_usart.o
    0x08002902   0x08002902   0x00000028   Code   RO         2391    i.__ARM_fpclassify  m_ws.l(fpclassify.o)
    0x0800292a   0x0800292a   0x0000000e   Code   RO         2207    i._is_digit         c_w.l(__printf_wp.o)
    0x08002938   0x08002938   0x00000010   Code   RO          242    i.fputc             uart_lib.o
    0x08002948   0x08002948   0x000000a4   Code   RO          584    i.main              main.o
    0x080029ec   0x080029ec   0x000000e4   Code   RO          361    i.updateEstimate    kalman_filter_lib.o
    0x08002ad0   0x08002ad0   0x0000002c   Code   RO         2377    locale$$code        c_w.l(lc_numeric_c.o)
    0x08002afc   0x08002afc   0x00000062   Code   RO         2225    x$fpl$d2f           fz_ws.l(d2f.o)
    0x08002b5e   0x08002b5e   0x00000002   PAD
    0x08002b60   0x08002b60   0x00000150   Code   RO         2227    x$fpl$dadd          fz_ws.l(daddsub_clz.o)
    0x08002cb0   0x08002cb0   0x00000018   Code   RO         2299    x$fpl$dcmpinf       fz_ws.l(dcmpi.o)
    0x08002cc8   0x08002cc8   0x000002b0   Code   RO         2234    x$fpl$ddiv          fz_ws.l(ddiv.o)
    0x08002f78   0x08002f78   0x0000005e   Code   RO         2239    x$fpl$dfix          fz_ws.l(dfix.o)
    0x08002fd6   0x08002fd6   0x00000002   PAD
    0x08002fd8   0x08002fd8   0x00000078   Code   RO         2243    x$fpl$dleqf         fz_ws.l(dleqf.o)
    0x08003050   0x08003050   0x00000154   Code   RO         2245    x$fpl$dmul          fz_ws.l(dmul.o)
    0x080031a4   0x080031a4   0x0000009c   Code   RO         2301    x$fpl$dnaninf       fz_ws.l(dnaninf.o)
    0x08003240   0x08003240   0x0000000c   Code   RO         2303    x$fpl$dretinf       fz_ws.l(dretinf.o)
    0x0800324c   0x0800324c   0x0000006c   Code   RO         2247    x$fpl$drleqf        fz_ws.l(drleqf.o)
    0x080032b8   0x080032b8   0x00000016   Code   RO         2228    x$fpl$drsb          fz_ws.l(daddsub_clz.o)
    0x080032ce   0x080032ce   0x00000002   PAD
    0x080032d0   0x080032d0   0x000001d4   Code   RO         2229    x$fpl$dsub          fz_ws.l(daddsub_clz.o)
    0x080034a4   0x080034a4   0x00000056   Code   RO         2249    x$fpl$f2d           fz_ws.l(f2d.o)
    0x080034fa   0x080034fa   0x00000002   PAD
    0x080034fc   0x080034fc   0x000000c4   Code   RO         2251    x$fpl$fadd          fz_ws.l(faddsub_clz.o)
    0x080035c0   0x080035c0   0x00000018   Code   RO         2305    x$fpl$fcmpinf       fz_ws.l(fcmpi.o)
    0x080035d8   0x080035d8   0x00000184   Code   RO         2258    x$fpl$fdiv          fz_ws.l(fdiv.o)
    0x0800375c   0x0800375c   0x00000068   Code   RO         2261    x$fpl$feqf          fz_ws.l(feqf.o)
    0x080037c4   0x080037c4   0x00000036   Code   RO         2263    x$fpl$ffix          fz_ws.l(ffix.o)
    0x080037fa   0x080037fa   0x00000002   PAD
    0x080037fc   0x080037fc   0x0000003e   Code   RO         2267    x$fpl$ffixu         fz_ws.l(ffixu.o)
    0x0800383a   0x0800383a   0x00000002   PAD
    0x0800383c   0x0800383c   0x00000026   Code   RO         2271    x$fpl$ffltu         fz_ws.l(fflt_clz.o)
    0x08003862   0x08003862   0x00000002   PAD
    0x08003864   0x08003864   0x00000068   Code   RO         2277    x$fpl$fleqf         fz_ws.l(fleqf.o)
    0x080038cc   0x080038cc   0x00000102   Code   RO         2279    x$fpl$fmul          fz_ws.l(fmul.o)
    0x080039ce   0x080039ce   0x0000008c   Code   RO         2307    x$fpl$fnaninf       fz_ws.l(fnaninf.o)
    0x08003a5a   0x08003a5a   0x0000000a   Code   RO         2309    x$fpl$fretinf       fz_ws.l(fretinf.o)
    0x08003a64   0x08003a64   0x00000062   Code   RO         2281    x$fpl$frleqf        fz_ws.l(frleqf.o)
    0x08003ac6   0x08003ac6   0x00000002   PAD
    0x08003ac8   0x08003ac8   0x000000ea   Code   RO         2253    x$fpl$fsub          fz_ws.l(faddsub_clz.o)
    0x08003bb2   0x08003bb2   0x00000004   Code   RO         2283    x$fpl$printf1       fz_ws.l(printf1.o)
    0x08003bb6   0x08003bb6   0x00000000   Code   RO         2311    x$fpl$usenofp       fz_ws.l(usenofp.o)
    0x08003bb6   0x08003bb6   0x00000002   PAD
    0x08003bb8   0x08003bb8   0x00000094   Data   RO         2348    .constdata          c_w.l(bigflt0.o)
    0x08003c4c   0x08003c4c   0x00000020   Data   RO         2594    Region$$Table       anon$$obj.o
    0x08003c6c   0x08003c6c   0x0000001c   Data   RO         2376    locale$$data        c_w.l(lc_numeric_c.o)


    Execution Region RW_IRAM1 (Exec base: 0x20000000, Load base: 0x08003c88, Size: 0x00000780, Max: 0x00005000, ABSOLUTE)

    Exec Addr    Load Addr    Size         Type   Attr      Idx    E Section Name        Object

    0x20000000   0x08003c88   0x00000009   Data   RW           10    .data               button_lib.o
    0x20000009   0x08003c91   0x00000003   PAD
    0x2000000c   0x08003c94   0x0000000c   Data   RW          182    .data               timer_lib.o
    0x20000018   0x08003ca0   0x00000014   Data   RW          244    .data               uart_lib.o
    0x2000002c   0x08003cb4   0x00000018   Data   RW          362    .data               kalman_filter_lib.o
    0x20000044   0x08003ccc   0x0000001c   Data   RW          422    .data               hx711_lib.o
    0x20000060   0x08003ce8   0x00000004   Data   RW          489    .data               lcd_lib.o
    0x20000064   0x08003cec   0x00000004   Data   RW          585    .data               main.o
    0x20000068   0x08003cf0   0x00000008   Data   RW          623    .data               convert.o
    0x20000070   0x08003cf8   0x0000000a   Data   RW          667    .data               fsm_array_receive.o
    0x2000007a   0x08003d02   0x00000014   Data   RW         1207    .data               stm32f10x_rcc.o
    0x2000008e   0x08003d16   0x00000002   PAD
    0x20000090        -       0x00000070   Zero   RW          243    .bss                uart_lib.o
    0x20000100        -       0x0000000a   Zero   RW          666    .bss                fsm_array_receive.o
    0x2000010a        -       0x00000014   Zero   RW          715    .bss                message.o
    0x2000011e   0x08003d16   0x00000002   PAD
    0x20000120        -       0x00000060   Zero   RW         2400    .bss                c_w.l(libspace.o)
    0x20000180        -       0x00000200   Zero   RW         2137    HEAP                startup_stm32f10x_md.o
    0x20000380        -       0x00000400   Zero   RW         2136    STACK               startup_stm32f10x_md.o


==============================================================================

Image component sizes


      Code (inc. data)   RO Data    RW Data    ZI Data      Debug   Object Name

       166         28          0          9          0     265660   button_lib.o
        30          4          0          8          0       2103   convert.o
       356         42          0         10         10       3335   fsm_array_receive.o
       252         12          0          0          0        580   gpio_lib.o
       412         76          0         28          0       3573   hx711_lib.o
        72          8          0          0          0        495   i2c_lib.o
       256         42          0         24          0       1506   kalman_filter_lib.o
      1058         82          0          4          0       6650   lcd_lib.o
       296         82          0          4          0       1232   main.o
       708         30          0          0         20       7655   message.o
       132         22          0          0          0       1923   misc.o
        64         26        236          0       1536        836   startup_stm32f10x_md.o
       304          0          0          0          0       4172   stm32f10x_gpio.o
       372         14          0          0          0       6618   stm32f10x_i2c.o
       276         32          0         20          0       4890   stm32f10x_rcc.o
       252         42          0          0          0       4746   stm32f10x_tim.o
       442          6          0          0          0       6885   stm32f10x_usart.o
       328         28          0          0          0       2189   system_stm32f10x.o
       252         26          0         12          0       2741   timer_lib.o
       320         38          0         20        112      31562   uart_lib.o

    ----------------------------------------------------------------------
      6358        640        268        144       1680     359351   Object Totals
         0          0         32          0          0          0   (incl. Generated)
        10          0          0          5          2          0   (incl. Padding)

    ----------------------------------------------------------------------

      Code (inc. data)   RO Data    RW Data    ZI Data      Debug   Library Member Name

         8          0          0          0          0         68   __main.o
       284          0          0          0          0        156   __printf_wp.o
         0          0          0          0          0          0   __rtentry.o
        12          0          0          0          0          0   __rtentry2.o
         6          0          0          0          0          0   __rtentry4.o
        52          8          0          0          0          0   __scatter.o
        26          0          0          0          0          0   __scatter_copy.o
        28          0          0          0          0          0   __scatter_zi.o
        48          6          0          0          0         96   _printf_char_common.o
        36          4          0          0          0         80   _printf_char_file.o
         6          0          0          0          0          0   _printf_f.o
      1054          0          0          0          0        216   _printf_fp_dec.o
       128         16          0          0          0         84   _printf_fp_infnan.o
         0          0          0          0          0          0   _printf_percent.o
         4          0          0          0          0          0   _printf_percent_end.o
       228          4        148          0          0         96   bigflt0.o
      1936        128          0          0          0        672   btod.o
        18          0          0          0          0         80   exit.o
         8          0          0          0          0         68   ferror.o
         6          0          0          0          0        152   heapauxi.o
         0          0          0          0          0          0   indicate_semi.o
        44         10         28          0          0         76   lc_numeric_c.o
         2          0          0          0          0          0   libinit.o
        18          0          0          0          0          0   libinit2.o
         2          0          0          0          0          0   libshutdown.o
         2          0          0          0          0          0   libshutdown2.o
         8          4          0          0         96         68   libspace.o
       138          0          0          0          0         80   lludiv10.o
        24          4          0          0          0         84   noretval__2printf.o
         8          4          0          0          0         68   rt_locale_intlibspace.o
         2          0          0          0          0          0   rtexit.o
        10          0          0          0          0          0   rtexit2.o
       128          0          0          0          0         68   strcmpv7m.o
        12          4          0          0          0         68   sys_exit.o
        74          0          0          0          0         80   sys_stackheap_outer.o
         2          0          0          0          0         68   use_no_semi.o
        98          4          0          0          0         92   d2f.o
       826         16          0          0          0        348   daddsub_clz.o
        24          0          0          0          0         68   dcmpi.o
       688        140          0          0          0        208   ddiv.o
        94          4          0          0          0         92   dfix.o
       120          4          0          0          0         92   dleqf.o
       340         12          0          0          0        104   dmul.o
       156          4          0          0          0         92   dnaninf.o
        12          0          0          0          0         68   dretinf.o
       108          0          0          0          0         80   drleqf.o
        86          4          0          0          0         84   f2d.o
       430          8          0          0          0        168   faddsub_clz.o
        24          0          0          0          0         68   fcmpi.o
       388         76          0          0          0         96   fdiv.o
       104          4          0          0          0         84   feqf.o
        54          4          0          0          0         84   ffix.o
        62          4          0          0          0         84   ffixu.o
        38          0          0          0          0         68   fflt_clz.o
       104          4          0          0          0         84   fleqf.o
       258          4          0          0          0         84   fmul.o
       140          4          0          0          0         84   fnaninf.o
        10          0          0          0          0         68   fretinf.o
        98          0          0          0          0         68   frleqf.o
         4          0          0          0          0         68   printf1.o
         0          0          0          0          0          0   usenofp.o
        40          0          0          0          0         68   fpclassify.o

    ----------------------------------------------------------------------
      8694        488        176          0         96       4932   Library Totals
        26          0          0          0          0          0   (incl. Padding)

    ----------------------------------------------------------------------

      Code (inc. data)   RO Data    RW Data    ZI Data      Debug   Library Name

      4362        192        176          0         96       2428   c_w.l
      4266        296          0          0          0       2436   fz_ws.l
        40          0          0          0          0         68   m_ws.l

    ----------------------------------------------------------------------
      8694        488        176          0         96       4932   Library Totals

    ----------------------------------------------------------------------

==============================================================================


      Code (inc. data)   RO Data    RW Data    ZI Data      Debug   

     15052       1128        444        144       1776     357519   Grand Totals
     15052       1128        444        144       1776     357519   ELF Image Totals
     15052       1128        444        144          0          0   ROM Totals

==============================================================================

    Total RO  Size (Code + RO Data)                15496 (  15.13kB)
    Total RW  Size (RW Data + ZI Data)              1920 (   1.88kB)
    Total ROM Size (Code + RO Data + RW Data)      15640 (  15.27kB)

==============================================================================

